<!doctype html public "-//w3c//dtd html 4.0 transitional//en">
<html><head>
<title>Static Call Graph - [.\obj\HelloWorldC.axf]</title></head>
<body><HR>
<H1>Static Call Graph for image .\obj\HelloWorldC.axf</H1><HR>
<BR><P>#&#060CALLGRAPH&#062# ARM Linker, 5060960: Last Updated: Fri May 28 12:31:36 2021
<BR><P>
<H3>Maximum Stack Usage =        288 bytes + Unknown(Cycles, Untraceable Function Pointers)</H3><H3>
Call chain for Maximum Stack Depth:</H3>
__rt_entry_main &rArr; main &rArr; rb_sim_uvision_init &rArr; redBlocks::Simulators::UVisionClientTargetConnection::UVisionClientTargetConnection(unsigned, unsigned, unsigned) &rArr; redBlocks::Simulators::UVisionClientTargetConnection::Internal::Internal(unsigned, unsigned, unsigned) &rArr; redBlocks::Simulators::Protocol::TransportProtocol::TTransportProtocolUnsecure&lang;redBlocks::Communication::Protocol::DatagramProtocol::TIDatagramProtocol&lang;unsigned&rang;, redBlocks::Core::TInstanceCallbackPolicy&lang;redBlocks::Simulators::UVisionClientTargetConnection::Internal&rang;, redBlocks::Core::NoCallbackPolicy, redBlocks::Core::NoLockPolicy, redBlocks::Core::NoLockPolicy, redBlocks::Core::NoLockPolicy, redBlocks::Core::NoLockPolicy, redBlocks::Core::TInstanceCallbackPolicy&lang;redBlocks::Simulators::UVisionClientTargetConnection::Internal&rang;, unsigned&rang;::TTransportProtocolUnsecure(unsigned, unsigned, redBlocks::Simulators::UVisionClientTargetConnection::Internal&, redBlocks::NoParam, redBlocks::NoParam, redBlocks::NoParam, redBlocks::NoParam, redBlocks::NoParam, redBlocks::Simulators::UVisionClientTargetConnection::Internal&) &rArr; redBlocks::Simulators::Protocol::TransportProtocol::TTransportProtocolBase&lang;redBlocks::Communication::Protocol::DatagramProtocol::TIDatagramProtocol&lang;unsigned&rang;, redBlocks::Core::TInstanceCallbackPolicy&lang;redBlocks::Simulators::UVisionClientTargetConnection::Internal&rang;, redBlocks::Core::NoCallbackPolicy, redBlocks::Core::NoLockPolicy, redBlocks::Core::NoLockPolicy, redBlocks::Core::NoLockPolicy, redBlocks::Core::NoLockPolicy, redBlocks::Core::TInstanceCallbackPolicy&lang;redBlocks::Simulators::UVisionClientTargetConnection::Internal&rang;, unsigned&rang;::TTransportProtocolBase__sub_object(unsigned, unsigned, redBlocks::Simulators::UVisionClientTargetConnection::Internal&, redBlocks::NoParam, redBlocks::NoParam, redBlocks::NoParam, redBlocks::NoParam, redBlocks::NoParam, redBlocks::Simulators::UVisionClientTargetConnection::Internal&) &rArr; redBlocks::Container::FlexEntriesQueue::TFlexEntriesQueueDynamicAlloc&lang;redBlocks::Container::FlexEntriesQueue::TIFlexEntriesQueue&lang;unsigned&rang;, redBlocks::Core::NoLockPolicy, (bool)1, redBlocks::Core::NoLockPolicy, redBlocks::Core::TInstanceCallbackPolicy&lang;redBlocks::Simulators::Protocol::TransportProtocol::TTransportProtocolBase&lang;redBlocks::Communication::Protocol::DatagramProtocol::TIDatagramProtocol&lang;unsigned&rang;, redBlocks::Core::TInstanceCallbackPolicy&lang;redBlocks::Simulators::UVisionClientTargetConnection::Internal&rang;, redBlocks::Core::NoCallbackPolicy, redBlocks::Core::NoLockPolicy, redBlocks::Core::NoLockPolicy, redBlocks::Core::NoLockPolicy, redBlocks::Core::NoLockPolicy, redBlocks::Core::TInstanceCallbackPolicy&lang;redBlocks::Simulators::UVisionClientTargetConnection::Internal&rang;, unsigned&rang;::InternalSendNotifyCallback&rang;, unsigned&rang;::TFlexEntriesQueueDynamicAlloc(unsigned, redBlocks::NoParam, redBlocks::NoParam, redBlocks::Simulators::Protocol::TransportProtocol::TTransportProtocolBase&lang;redBlocks::Communication::Protocol::DatagramProtocol::TIDatagramProtocol&lang;unsigned&rang;, redBlocks::Core::TInstanceCallbackPolicy&lang;redBlocks::Simulators::UVisionClientTargetConnection::Internal&rang;, redBlocks::Core::NoCallbackPolicy, redBlocks::Core::NoLockPolicy, redBlocks::Core::NoLockPolicy, redBlocks::Core::NoLockPolicy, redBlocks::Core::NoLockPolicy, redBlocks::Core::TInstanceCallbackPolicy&lang;redBlocks::Simulators::UVisionClientTargetConnection::Internal&rang;, unsigned&rang;::InternalSendNotifyCallback&) &rArr; redBlocks::Container::TRamRingBufferDynamicAlloc&lang;redBlocks::Core::NoVirtualPolicy, unsigned&rang;::TRamRingBufferDynamicAlloc(unsigned) &rArr; operator new[] (unsigned) &rArr; operator new(unsigned) &rArr; malloc &rArr; __Heap_Full &rArr; __Heap_ProvideMemory &rArr; free
<P>
<H3>
Mutually Recursive functions
</H3> <LI><a href="#[17]">HardFault_Handler</a>&nbsp;&nbsp;&nbsp;&rArr;&nbsp;&nbsp;&nbsp;<a href="#[17]">HardFault_Handler</a><BR>
 <LI><a href="#[16]">NMI_Handler</a>&nbsp;&nbsp;&nbsp;&rArr;&nbsp;&nbsp;&nbsp;<a href="#[16]">NMI_Handler</a><BR>
 <LI><a href="#[18]">SVC_Handler</a>&nbsp;&nbsp;&nbsp;&rArr;&nbsp;&nbsp;&nbsp;<a href="#[18]">SVC_Handler</a><BR>
 <LI><a href="#[19]">PendSV_Handler</a>&nbsp;&nbsp;&nbsp;&rArr;&nbsp;&nbsp;&nbsp;<a href="#[19]">PendSV_Handler</a><BR>
 <LI><a href="#[1b]">Interrupt0_Handler</a>&nbsp;&nbsp;&nbsp;&rArr;&nbsp;&nbsp;&nbsp;<a href="#[1b]">Interrupt0_Handler</a><BR>
 <LI><a href="#[1c]">Interrupt1_Handler</a>&nbsp;&nbsp;&nbsp;&rArr;&nbsp;&nbsp;&nbsp;<a href="#[1c]">Interrupt1_Handler</a><BR>
 <LI><a href="#[1d]">Interrupt2_Handler</a>&nbsp;&nbsp;&nbsp;&rArr;&nbsp;&nbsp;&nbsp;<a href="#[1d]">Interrupt2_Handler</a><BR>
 <LI><a href="#[1e]">Interrupt3_Handler</a>&nbsp;&nbsp;&nbsp;&rArr;&nbsp;&nbsp;&nbsp;<a href="#[1e]">Interrupt3_Handler</a><BR>
 <LI><a href="#[1f]">Interrupt4_Handler</a>&nbsp;&nbsp;&nbsp;&rArr;&nbsp;&nbsp;&nbsp;<a href="#[1f]">Interrupt4_Handler</a><BR>
 <LI><a href="#[20]">Interrupt5_Handler</a>&nbsp;&nbsp;&nbsp;&rArr;&nbsp;&nbsp;&nbsp;<a href="#[20]">Interrupt5_Handler</a><BR>
 <LI><a href="#[21]">Interrupt6_Handler</a>&nbsp;&nbsp;&nbsp;&rArr;&nbsp;&nbsp;&nbsp;<a href="#[21]">Interrupt6_Handler</a><BR>
 <LI><a href="#[22]">Interrupt7_Handler</a>&nbsp;&nbsp;&nbsp;&rArr;&nbsp;&nbsp;&nbsp;<a href="#[22]">Interrupt7_Handler</a><BR>
 <LI><a href="#[23]">Interrupt8_Handler</a>&nbsp;&nbsp;&nbsp;&rArr;&nbsp;&nbsp;&nbsp;<a href="#[23]">Interrupt8_Handler</a><BR>
 <LI><a href="#[24]">Interrupt9_Handler</a>&nbsp;&nbsp;&nbsp;&rArr;&nbsp;&nbsp;&nbsp;<a href="#[24]">Interrupt9_Handler</a><BR>
 <LI><a href="#[59]">redBlocks::Simulators::TSystemTickSimulationClientEnvironment&lang;redBlocks::_internal::SystemTickDriver&rang;::waitForEvent()</a>&nbsp;&nbsp;&nbsp;&rArr;&nbsp;&nbsp;&nbsp;<a href="#[59]">redBlocks::Simulators::TSystemTickSimulationClientEnvironment&lang;redBlocks::_internal::SystemTickDriver&rang;::waitForEvent()</a><BR>
</UL>
<P>
<H3>
Function Pointers
</H3><UL>
 <LI><a href="#[17]">HardFault_Handler</a> from startup_armcm0.o(.text) referenced from startup_armcm0.o(RESET)
 <LI><a href="#[1b]">Interrupt0_Handler</a> from startup_armcm0.o(.text) referenced from startup_armcm0.o(RESET)
 <LI><a href="#[1c]">Interrupt1_Handler</a> from startup_armcm0.o(.text) referenced from startup_armcm0.o(RESET)
 <LI><a href="#[1d]">Interrupt2_Handler</a> from startup_armcm0.o(.text) referenced from startup_armcm0.o(RESET)
 <LI><a href="#[1e]">Interrupt3_Handler</a> from startup_armcm0.o(.text) referenced from startup_armcm0.o(RESET)
 <LI><a href="#[1f]">Interrupt4_Handler</a> from startup_armcm0.o(.text) referenced from startup_armcm0.o(RESET)
 <LI><a href="#[20]">Interrupt5_Handler</a> from startup_armcm0.o(.text) referenced from startup_armcm0.o(RESET)
 <LI><a href="#[21]">Interrupt6_Handler</a> from startup_armcm0.o(.text) referenced from startup_armcm0.o(RESET)
 <LI><a href="#[22]">Interrupt7_Handler</a> from startup_armcm0.o(.text) referenced from startup_armcm0.o(RESET)
 <LI><a href="#[23]">Interrupt8_Handler</a> from startup_armcm0.o(.text) referenced from startup_armcm0.o(RESET)
 <LI><a href="#[24]">Interrupt9_Handler</a> from startup_armcm0.o(.text) referenced from startup_armcm0.o(RESET)
 <LI><a href="#[16]">NMI_Handler</a> from startup_armcm0.o(.text) referenced from startup_armcm0.o(RESET)
 <LI><a href="#[19]">PendSV_Handler</a> from startup_armcm0.o(.text) referenced from startup_armcm0.o(RESET)
 <LI><a href="#[77]">Reset_Handler</a> from startup_armcm0.o(.text) referenced from startup_armcm0.o(RESET)
 <LI><a href="#[18]">SVC_Handler</a> from startup_armcm0.o(.text) referenced from startup_armcm0.o(RESET)
 <LI><a href="#[1a]">SysTick_Handler</a> from main.o(i.SysTick_Handler) referenced from startup_armcm0.o(RESET)
 <LI><a href="#[2b]">SysTick_control</a> from main.o(i.SysTick_control) referenced from main.o(i.main)
 <LI><a href="#[25]">SystemInit</a> from system_armcm0.o(i.SystemInit) referenced from startup_armcm0.o(.text)
 <LI><a href="#[2a]">__default_new_handler()</a> from arm_newhandler_noexceptions.o(.text) referenced from new.o(i._Znwj)
 <LI><a href="#[27]">[local to arm_exceptions_c]::__default_terminate_handler()</a> from arm_exceptions_globs.o(.text) referenced from arm_exceptions_globs.o(.text)
 <LI><a href="#[30]">redBlocks::Simulators::SimulationClient::onCallback(redBlocks::Simulators::IClientTargetLinkEventCallback::Event)</a> from libredblocks_sim_uvision.o(i._ZN9redBlocks10Simulators16SimulationClient10onCallbackENS0_30IClientTargetLinkEventCallback5EventE) referenced from libredblocks_core.o(.constdata__ZTVN9redBlocks10Simulators16SimulationClientE)
 <LI><a href="#[35]">redBlocks::Simulators::TClientTargetLink&lang;redBlocks::Simulators::TIClientTargetConnection&lang;redBlocks::Simulators::SimulationClient, unsigned&rang;&rang;::addProcessor(redBlocks::Serialization::MessageProtocol::_internal::TMessageProcessorBase&lang;redBlocks::Serialization::MessageProtocol::TIMessageIdDispatchable&lang;redBlocks::Core::TIReader&lang;unsigned&rang;, unsigned short&rang;, unsigned short&rang;&)</a> from libredblocks_core.o(t._ZN9redBlocks10Simulators17TClientTargetLinkINS0_24TIClientTargetConnectionINS0_16SimulationClientEjEEE12addProcessorERNS_13Serialization15MessageProtocol9_internal21TMessageProcessorBaseINS7_23TIMessageIdDispatchableINS_4Core8TIReaderIjEEtEEtEE) referenced from libredblocks_core.o(.constdata__ZTVN9redBlocks10Simulators17TClientTargetLinkINS0_24TIClientTargetConnectionINS0_16SimulationClientEjEEEE)
 <LI><a href="#[36]">redBlocks::Simulators::TClientTargetLink&lang;redBlocks::Simulators::TIClientTargetConnection&lang;redBlocks::Simulators::SimulationClient, unsigned&rang;&rang;::send(redBlocks::Serialization::MessageProtocol::_internal::TMessageBase&lang;redBlocks::Serialization::Serializer::TCompositeSerializer&lang;redBlocks::Core::TIReader&lang;unsigned&rang;, redBlocks::Core::TIWriter&lang;unsigned&rang;&rang;, unsigned short&rang;&)</a> from libredblocks_core.o(t._ZN9redBlocks10Simulators17TClientTargetLinkINS0_24TIClientTargetConnectionINS0_16SimulationClientEjEEE4sendERNS_13Serialization15MessageProtocol9_internal12TMessageBaseINS6_10Serializer20TCompositeSerializerINS_4Core8TIReaderIjEENSC_8TIWriterIjEEEEtEE) referenced from libredblocks_core.o(.constdata__ZTVN9redBlocks10Simulators17TClientTargetLinkINS0_24TIClientTargetConnectionINS0_16SimulationClientEjEEEE)
 <LI><a href="#[31]">redBlocks::Simulators::TClientTargetLink&lang;redBlocks::Simulators::TIClientTargetConnection&lang;redBlocks::Simulators::SimulationClient, unsigned&rang;&rang;::Internal::onCallback(redBlocks::Simulators::TIClientTargetConnection&lang;redBlocks::Simulators::SimulationClient, unsigned&rang;::IErrorCallback::Error)</a> from libredblocks_core.o(t._ZN9redBlocks10Simulators17TClientTargetLinkINS0_24TIClientTargetConnectionINS0_16SimulationClientEjEEE8Internal10onCallbackENS4_14IErrorCallback5ErrorE) referenced from libredblocks_core.o(.constdata__ZTVN9redBlocks10Simulators17TClientTargetLinkINS0_24TIClientTargetConnectionINS0_16SimulationClientEjEEE8InternalE)
 <LI><a href="#[32]">redBlocks::Simulators::TClientTargetLink&lang;redBlocks::Simulators::TIClientTargetConnection&lang;redBlocks::Simulators::SimulationClient, unsigned&rang;&rang;::Internal::onCallback(redBlocks::Serialization::MessageProtocol::Error)</a> from libredblocks_core.o(t._ZN9redBlocks10Simulators17TClientTargetLinkINS0_24TIClientTargetConnectionINS0_16SimulationClientEjEEE8Internal10onCallbackENS_13Serialization15MessageProtocol5ErrorE) referenced from libredblocks_core.o(.constdata__ZTVN9redBlocks10Simulators17TClientTargetLinkINS0_24TIClientTargetConnectionINS0_16SimulationClientEjEEE8InternalE)
 <LI><a href="#[33]">redBlocks::Simulators::TClientTargetLink&lang;redBlocks::Simulators::TIClientTargetConnection&lang;redBlocks::Simulators::SimulationClient, unsigned&rang;&rang;::Internal::onSimulationIsr()</a> from libredblocks_core.o(t._ZN9redBlocks10Simulators17TClientTargetLinkINS0_24TIClientTargetConnectionINS0_16SimulationClientEjEEE8Internal15onSimulationIsrEv) referenced from libredblocks_core.o(.constdata__ZTVN9redBlocks10Simulators17TClientTargetLinkINS0_24TIClientTargetConnectionINS0_16SimulationClientEjEEE8InternalE)
 <LI><a href="#[37]">redBlocks::Simulators::DriverStubCallback::onDriverStubCallback()</a> from libredblocks_sim_uvision.o(i._ZN9redBlocks10Simulators18DriverStubCallback20onDriverStubCallbackEv) referenced from libredblocks_sim_uvision.o(.constdata__ZTVN9redBlocks10Simulators18DriverStubCallbackE)
 <LI><a href="#[38]">redBlocks::Simulators::TargetMessageProtocol::MsgInitDone::process(redBlocks::Serialization::Serializer::TCompositeSerializer&lang;redBlocks::Core::TIReader&lang;unsigned&rang;, redBlocks::Core::TIWriter&lang;unsigned&rang;&rang;::IProcessor&)</a> from libredblocks_sim_uvision.o(i._ZN9redBlocks10Simulators21TargetMessageProtocol11MsgInitDone7processERNS_13Serialization10Serializer20TCompositeSerializerINS_4Core8TIReaderIjEENS6_8TIWriterIjEEE10IProcessorE) referenced from libredblocks_sim_uvision.o(.constdata__ZTVN9redBlocks10Simulators21TargetMessageProtocol11MsgInitDoneE)
 <LI><a href="#[39]">redBlocks::Simulators::TargetMessageProtocol::MsgInitStart::process(redBlocks::Serialization::Serializer::TCompositeSerializer&lang;redBlocks::Core::TIReader&lang;unsigned&rang;, redBlocks::Core::TIWriter&lang;unsigned&rang;&rang;::IProcessor&)</a> from libredblocks_sim_uvision.o(i._ZN9redBlocks10Simulators21TargetMessageProtocol12MsgInitStart7processERNS_13Serialization10Serializer20TCompositeSerializerINS_4Core8TIReaderIjEENS6_8TIWriterIjEEE10IProcessorE) referenced from libredblocks_sim_uvision.o(.constdata__ZTVN9redBlocks10Simulators21TargetMessageProtocol12MsgInitStartE)
 <LI><a href="#[3a]">redBlocks::Simulators::TargetMessageProtocol::MsgInitPreStart::process(redBlocks::Serialization::Serializer::TCompositeSerializer&lang;redBlocks::Core::TIReader&lang;unsigned&rang;, redBlocks::Core::TIWriter&lang;unsigned&rang;&rang;::IProcessor&)</a> from libredblocks_sim_uvision.o(i._ZN9redBlocks10Simulators21TargetMessageProtocol15MsgInitPreStart7processERNS_13Serialization10Serializer20TCompositeSerializerINS_4Core8TIReaderIjEENS6_8TIWriterIjEEE10IProcessorE) referenced from libredblocks_sim_uvision.o(.constdata__ZTVN9redBlocks10Simulators21TargetMessageProtocol15MsgInitPreStartE)
 <LI><a href="#[3d]">redBlocks::Simulators::TargetMessageProtocol::TMessageProcessor&lang;redBlocks::Simulators::SimulationClient, redBlocks::Simulators::TargetMessageProtocol::MsgRun&rang;::processMessage()</a> from libredblocks_core.o(t._ZN9redBlocks10Simulators21TargetMessageProtocol17TMessageProcessorINS0_16SimulationClientENS1_6MsgRunEE14processMessageEv) referenced from libredblocks_core.o(.constdata__ZTVN9redBlocks10Simulators21TargetMessageProtocol17TMessageProcessorINS0_16SimulationClientENS1_6MsgRunEEE)
 <LI><a href="#[40]">redBlocks::Simulators::TargetMessageProtocol::TMessageProcessor&lang;redBlocks::Simulators::TClientTargetLink&lang;redBlocks::Simulators::TIClientTargetConnection&lang;redBlocks::Simulators::SimulationClient, unsigned&rang;&rang;::Internal, redBlocks::Simulators::TargetMessageProtocol::MsgInitPreStartAck&rang;::processMessage()</a> from libredblocks_core.o(t._ZN9redBlocks10Simulators21TargetMessageProtocol17TMessageProcessorINS0_17TClientTargetLinkINS0_24TIClientTargetConnectionINS0_16SimulationClientEjEEE8InternalENS1_18MsgInitPreStartAckEE14processMessageEv) referenced from libredblocks_core.o(.constdata__ZTVN9redBlocks10Simulators21TargetMessageProtocol17TMessageProcessorINS0_17TClientTargetLinkINS0_24TIClientTargetConnectionINS0_16SimulationClientEjEEE8InternalENS1_18MsgInitPreStartAckEEE)
 <LI><a href="#[43]">redBlocks::Simulators::TargetMessageProtocol::TMessageProcessor&lang;redBlocks::Simulators::DigitalInputSimulationClient, redBlocks::Simulators::TargetMessageProtocol::MsgDigitalInputUpdate&rang;::processMessage()</a> from libredblocks_core.o(t._ZN9redBlocks10Simulators21TargetMessageProtocol17TMessageProcessorINS0_28DigitalInputSimulationClientENS1_21MsgDigitalInputUpdateEE14processMessageEv) referenced from libredblocks_core.o(.constdata__ZTVN9redBlocks10Simulators21TargetMessageProtocol17TMessageProcessorINS0_28DigitalInputSimulationClientENS1_21MsgDigitalInputUpdateEEE)
 <LI><a href="#[46]">redBlocks::Simulators::TargetMessageProtocol::MsgInitPreStartAck::process(redBlocks::Serialization::Serializer::TCompositeSerializer&lang;redBlocks::Core::TIReader&lang;unsigned&rang;, redBlocks::Core::TIWriter&lang;unsigned&rang;&rang;::IProcessor&)</a> from libredblocks_sim_uvision.o(i._ZN9redBlocks10Simulators21TargetMessageProtocol18MsgInitPreStartAck7processERNS_13Serialization10Serializer20TCompositeSerializerINS_4Core8TIReaderIjEENS6_8TIWriterIjEEE10IProcessorE) referenced from libredblocks_core.o(.constdata__ZTVN9redBlocks10Simulators21TargetMessageProtocol18MsgInitPreStartAckE)
 <LI><a href="#[47]">redBlocks::Simulators::TargetMessageProtocol::MsgDigitalInputUpdate::process(redBlocks::Serialization::Serializer::TCompositeSerializer&lang;redBlocks::Core::TIReader&lang;unsigned&rang;, redBlocks::Core::TIWriter&lang;unsigned&rang;&rang;::IProcessor&)</a> from libredblocks_sim_uvision.o(i._ZN9redBlocks10Simulators21TargetMessageProtocol21MsgDigitalInputUpdate7processERNS_13Serialization10Serializer20TCompositeSerializerINS_4Core8TIReaderIjEENS6_8TIWriterIjEEE10IProcessorE) referenced from libredblocks_core.o(.constdata__ZTVN9redBlocks10Simulators21TargetMessageProtocol21MsgDigitalInputUpdateE)
 <LI><a href="#[48]">redBlocks::Simulators::TargetMessageProtocol::MsgDigitalInputRequest::process(redBlocks::Serialization::Serializer::TCompositeSerializer&lang;redBlocks::Core::TIReader&lang;unsigned&rang;, redBlocks::Core::TIWriter&lang;unsigned&rang;&rang;::IProcessor&)</a> from libredblocks_sim_uvision.o(i._ZN9redBlocks10Simulators21TargetMessageProtocol22MsgDigitalInputRequest7processERNS_13Serialization10Serializer20TCompositeSerializerINS_4Core8TIReaderIjEENS6_8TIWriterIjEEE10IProcessorE) referenced from libredblocks_core.o(.constdata__ZTVN9redBlocks10Simulators21TargetMessageProtocol22MsgDigitalInputRequestE)
 <LI><a href="#[49]">redBlocks::Simulators::TargetMessageProtocol::MsgDigitalOutputUpdate::process(redBlocks::Serialization::Serializer::TCompositeSerializer&lang;redBlocks::Core::TIReader&lang;unsigned&rang;, redBlocks::Core::TIWriter&lang;unsigned&rang;&rang;::IProcessor&)</a> from libredblocks_sim_uvision.o(i._ZN9redBlocks10Simulators21TargetMessageProtocol22MsgDigitalOutputUpdate7processERNS_13Serialization10Serializer20TCompositeSerializerINS_4Core8TIReaderIjEENS6_8TIWriterIjEEE10IProcessorE) referenced from libredblocks_core.o(.constdata__ZTVN9redBlocks10Simulators21TargetMessageProtocol22MsgDigitalOutputUpdateE)
 <LI><a href="#[4a]">redBlocks::Simulators::TargetMessageProtocol::MsgRun::process(redBlocks::Serialization::Serializer::TCompositeSerializer&lang;redBlocks::Core::TIReader&lang;unsigned&rang;, redBlocks::Core::TIWriter&lang;unsigned&rang;&rang;::IProcessor&)</a> from libredblocks_sim_uvision.o(i._ZN9redBlocks10Simulators21TargetMessageProtocol6MsgRun7processERNS_13Serialization10Serializer20TCompositeSerializerINS_4Core8TIReaderIjEENS6_8TIWriterIjEEE10IProcessorE) referenced from libredblocks_core.o(.constdata__ZTVN9redBlocks10Simulators21TargetMessageProtocol6MsgRunE)
 <LI><a href="#[4b]">redBlocks::Simulators::TargetMessageProtocol::MsgEmpty::process(redBlocks::Serialization::Serializer::TCompositeSerializer&lang;redBlocks::Core::TIReader&lang;unsigned&rang;, redBlocks::Core::TIWriter&lang;unsigned&rang;&rang;::IProcessor&)</a> from libredblocks_sim_uvision.o(i._ZN9redBlocks10Simulators21TargetMessageProtocol8MsgEmpty7processERNS_13Serialization10Serializer20TCompositeSerializerINS_4Core8TIReaderIjEENS6_8TIWriterIjEEE10IProcessorE) referenced from libredblocks_sim_uvision.o(.constdata__ZTVN9redBlocks10Simulators21TargetMessageProtocol8MsgEmptyE)
 <LI><a href="#[4c]">redBlocks::Simulators::TargetMessageProtocol::MsgError::process(redBlocks::Serialization::Serializer::TCompositeSerializer&lang;redBlocks::Core::TIReader&lang;unsigned&rang;, redBlocks::Core::TIWriter&lang;unsigned&rang;&rang;::IProcessor&)</a> from libredblocks_sim_uvision.o(i._ZN9redBlocks10Simulators21TargetMessageProtocol8MsgError7processERNS_13Serialization10Serializer20TCompositeSerializerINS_4Core8TIReaderIjEENS6_8TIWriterIjEEE10IProcessorE) referenced from libredblocks_sim_uvision.o(.constdata__ZTVN9redBlocks10Simulators21TargetMessageProtocol8MsgErrorE)
 <LI><a href="#[50]">redBlocks::Simulators::DebuggerComTargetQueue::submitData(unsigned short)</a> from libredblocks_sim_uvision.o(i._ZN9redBlocks10Simulators22DebuggerComTargetQueue10submitDataEt) referenced from libredblocks_sim_uvision.o(.constdata__ZTVN9redBlocks10Simulators22DebuggerComTargetQueueE)
 <LI><a href="#[4d]">redBlocks::Simulators::DebuggerComTargetQueue::getReadDataBuffer(const void*&)</a> from libredblocks_sim_uvision.o(i._ZN9redBlocks10Simulators22DebuggerComTargetQueue17getReadDataBufferERPKv) referenced from libredblocks_sim_uvision.o(.constdata__ZTVN9redBlocks10Simulators22DebuggerComTargetQueueE)
 <LI><a href="#[4f]">redBlocks::Simulators::DebuggerComTargetQueue::getWriteDataBuffer(void*&)</a> from libredblocks_sim_uvision.o(i._ZN9redBlocks10Simulators22DebuggerComTargetQueue18getWriteDataBufferERPv) referenced from libredblocks_sim_uvision.o(.constdata__ZTVN9redBlocks10Simulators22DebuggerComTargetQueueE)
 <LI><a href="#[4e]">redBlocks::Simulators::DebuggerComTargetQueue::eraseData(unsigned short)</a> from libredblocks_sim_uvision.o(i._ZN9redBlocks10Simulators22DebuggerComTargetQueue9eraseDataEt) referenced from libredblocks_sim_uvision.o(.constdata__ZTVN9redBlocks10Simulators22DebuggerComTargetQueueE)
 <LI><a href="#[51]">redBlocks::Simulators::DigitalInputSimulationClient::DigitalInput::onSimulationIsr()</a> from libredblocks_core.o(i._ZN9redBlocks10Simulators28DigitalInputSimulationClient12DigitalInput15onSimulationIsrEv) referenced from libredblocks_core.o(.constdata__ZTVN9redBlocks10Simulators28DigitalInputSimulationClient12DigitalInputE)
 <LI><a href="#[52]">redBlocks::Simulators::DigitalOutputSimulationClient::DigitalOutput::onSimulationIsr()</a> from libredblocks_core.o(i._ZN9redBlocks10Simulators29DigitalOutputSimulationClient13DigitalOutput15onSimulationIsrEv) referenced from libredblocks_core.o(.constdata__ZTVN9redBlocks10Simulators29DigitalOutputSimulationClient13DigitalOutputE)
 <LI><a href="#[56]">redBlocks::Simulators::UVisionClientTargetConnection::getMessage()</a> from libredblocks_sim_uvision.o(i._ZN9redBlocks10Simulators29UVisionClientTargetConnection10getMessageEv) referenced from libredblocks_sim_uvision.o(.constdata__ZTVN9redBlocks10Simulators29UVisionClientTargetConnectionE)
 <LI><a href="#[58]">redBlocks::Simulators::UVisionClientTargetConnection::setCallback(redBlocks::Simulators::TIClientTargetConnection&lang;redBlocks::Simulators::SimulationClient, unsigned&rang;::IErrorCallback&)</a> from libredblocks_sim_uvision.o(i._ZN9redBlocks10Simulators29UVisionClientTargetConnection11setCallbackERNS0_24TIClientTargetConnectionINS0_16SimulationClientEjE14IErrorCallbackE) referenced from libredblocks_sim_uvision.o(.constdata__ZTVN9redBlocks10Simulators29UVisionClientTargetConnectionE)
 <LI><a href="#[55]">redBlocks::Simulators::UVisionClientTargetConnection::createMessage()</a> from libredblocks_sim_uvision.o(i._ZN9redBlocks10Simulators29UVisionClientTargetConnection13createMessageEv) referenced from libredblocks_sim_uvision.o(.constdata__ZTVN9redBlocks10Simulators29UVisionClientTargetConnectionE)
 <LI><a href="#[57]">redBlocks::Simulators::UVisionClientTargetConnection::getReceiveQueueSize()</a> from libredblocks_sim_uvision.o(i._ZN9redBlocks10Simulators29UVisionClientTargetConnection19getReceiveQueueSizeEv) referenced from libredblocks_sim_uvision.o(.constdata__ZTVN9redBlocks10Simulators29UVisionClientTargetConnectionE)
 <LI><a href="#[53]">redBlocks::Simulators::UVisionClientTargetConnection::Internal::onSimulationIsr()</a> from libredblocks_sim_uvision.o(i._ZN9redBlocks10Simulators29UVisionClientTargetConnection8Internal15onSimulationIsrEv) referenced from libredblocks_sim_uvision.o(.constdata__ZTVN9redBlocks10Simulators29UVisionClientTargetConnection8InternalE)
 <LI><a href="#[54]">redBlocks::Simulators::UVisionClientTargetConnection::configure(redBlocks::Simulators::SimulationClient&)</a> from libredblocks_sim_uvision.o(i._ZN9redBlocks10Simulators29UVisionClientTargetConnection9configureERNS0_16SimulationClientE) referenced from libredblocks_sim_uvision.o(.constdata__ZTVN9redBlocks10Simulators29UVisionClientTargetConnectionE)
 <LI><a href="#[5a]">redBlocks::Simulators::TSystemTickSimulationClientEnvironment&lang;redBlocks::_internal::SystemTickDriver&rang;::signalEvent()</a> from libredblocks_sim_uvision.o(t._ZN9redBlocks10Simulators38TSystemTickSimulationClientEnvironmentINS_9_internal16SystemTickDriverEE11signalEventEv) referenced from libredblocks_sim_uvision.o(.constdata__ZTVN9redBlocks10Simulators38TSystemTickSimulationClientEnvironmentINS_9_internal16SystemTickDriverEEE)
 <LI><a href="#[59]">redBlocks::Simulators::TSystemTickSimulationClientEnvironment&lang;redBlocks::_internal::SystemTickDriver&rang;::waitForEvent()</a> from libredblocks_sim_uvision.o(t._ZN9redBlocks10Simulators38TSystemTickSimulationClientEnvironmentINS_9_internal16SystemTickDriverEE12waitForEventEv) referenced from libredblocks_sim_uvision.o(.constdata__ZTVN9redBlocks10Simulators38TSystemTickSimulationClientEnvironmentINS_9_internal16SystemTickDriverEEE)
 <LI><a href="#[5b]">redBlocks::Simulators::Protocol::TransportProtocol::TTransportProtocolUnsecure&lang;redBlocks::Communication::Protocol::DatagramProtocol::TIDatagramProtocol&lang;unsigned&rang;, redBlocks::Core::TInstanceCallbackPolicy&lang;redBlocks::Simulators::UVisionClientTargetConnection::Internal&rang;, redBlocks::Core::NoCallbackPolicy, redBlocks::Core::NoLockPolicy, redBlocks::Core::NoLockPolicy, redBlocks::Core::NoLockPolicy, redBlocks::Core::NoLockPolicy, redBlocks::Core::TInstanceCallbackPolicy&lang;redBlocks::Simulators::UVisionClientTargetConnection::Internal&rang;, unsigned&rang;::read(void*, unsigned)</a> from libredblocks_sim_uvision.o(t._ZN9redBlocks10Simulators8Protocol17TransportProtocol26TTransportProtocolUnsecureINS_13Communication8Protocol16DatagramProtocol18TIDatagramProtocolIjEENS_4Core23TInstanceCallbackPolicyINS0_29UVisionClientTargetConnection8InternalEEENS9_16NoCallbackPolicyENS9_12NoLockPolicyESF_SF_SF_SD_jE4readEPvj) referenced from libredblocks_sim_uvision.o(.constdata__ZTVN9redBlocks10Simulators8Protocol17TransportProtocol26TTransportProtocolUnsecureINS_13Communication8Protocol16DatagramProtocol18TIDatagramProtocolIjEENS_4Core23TInstanceCallbackPolicyINS0_29UVisionClientTargetConnection8InternalEEENS9_16NoCallbackPolicyENS9_12NoLockPolicyESF_SF_SF_SD_jEE)
 <LI><a href="#[5c]">redBlocks::Simulators::Protocol::TransportProtocol::TTransportProtocolUnsecure&lang;redBlocks::Communication::Protocol::DatagramProtocol::TIDatagramProtocol&lang;unsigned&rang;, redBlocks::Core::TInstanceCallbackPolicy&lang;redBlocks::Simulators::UVisionClientTargetConnection::Internal&rang;, redBlocks::Core::NoCallbackPolicy, redBlocks::Core::NoLockPolicy, redBlocks::Core::NoLockPolicy, redBlocks::Core::NoLockPolicy, redBlocks::Core::NoLockPolicy, redBlocks::Core::TInstanceCallbackPolicy&lang;redBlocks::Simulators::UVisionClientTargetConnection::Internal&rang;, unsigned&rang;::write(const void*, unsigned)</a> from libredblocks_sim_uvision.o(t._ZN9redBlocks10Simulators8Protocol17TransportProtocol26TTransportProtocolUnsecureINS_13Communication8Protocol16DatagramProtocol18TIDatagramProtocolIjEENS_4Core23TInstanceCallbackPolicyINS0_29UVisionClientTargetConnection8InternalEEENS9_16NoCallbackPolicyENS9_12NoLockPolicyESF_SF_SF_SD_jE5writeEPKvj) referenced from libredblocks_sim_uvision.o(.constdata__ZTVN9redBlocks10Simulators8Protocol17TransportProtocol26TTransportProtocolUnsecureINS_13Communication8Protocol16DatagramProtocol18TIDatagramProtocolIjEENS_4Core23TInstanceCallbackPolicyINS0_29UVisionClientTargetConnection8InternalEEENS9_16NoCallbackPolicyENS9_12NoLockPolicyESF_SF_SF_SD_jEE)
 <LI><a href="#[41]">redBlocks::Serialization::MessageProtocol::TMessageProtocol&lang;redBlocks::Core::TIReader&lang;unsigned&rang;, redBlocks::Core::TIWriter&lang;unsigned&rang;, redBlocks::Serialization::Serializer::BinarySerializer::FieldShallowCopy&lang;unsigned short, redBlocks::Core::NetworkConversionTraits&rang;&rang;::TMessageProcessor&lang;redBlocks::Simulators::TargetMessageProtocol::MsgInitPreStartAck&rang;::deserialize(redBlocks::Core::TIReader&lang;unsigned&rang;&)</a> from libredblocks_core.o(t._ZN9redBlocks13Serialization15MessageProtocol16TMessageProtocolINS_4Core8TIReaderIjEENS3_8TIWriterIjEENS0_10Serializer16BinarySerializer16FieldShallowCopyItNS3_23NetworkConversionTraitsEEEE17TMessageProcessorINS_10Simulators21TargetMessageProtocol18MsgInitPreStartAckEE11deserializeERS5_) referenced from libredblocks_core.o(.constdata__ZTVN9redBlocks10Simulators21TargetMessageProtocol17TMessageProcessorINS0_17TClientTargetLinkINS0_24TIClientTargetConnectionINS0_16SimulationClientEjEEE8InternalENS1_18MsgInitPreStartAckEEE)
 <LI><a href="#[41]">redBlocks::Serialization::MessageProtocol::TMessageProtocol&lang;redBlocks::Core::TIReader&lang;unsigned&rang;, redBlocks::Core::TIWriter&lang;unsigned&rang;, redBlocks::Serialization::Serializer::BinarySerializer::FieldShallowCopy&lang;unsigned short, redBlocks::Core::NetworkConversionTraits&rang;&rang;::TMessageProcessor&lang;redBlocks::Simulators::TargetMessageProtocol::MsgInitPreStartAck&rang;::deserialize(redBlocks::Core::TIReader&lang;unsigned&rang;&)</a> from libredblocks_core.o(t._ZN9redBlocks13Serialization15MessageProtocol16TMessageProtocolINS_4Core8TIReaderIjEENS3_8TIWriterIjEENS0_10Serializer16BinarySerializer16FieldShallowCopyItNS3_23NetworkConversionTraitsEEEE17TMessageProcessorINS_10Simulators21TargetMessageProtocol18MsgInitPreStartAckEE11deserializeERS5_) referenced from libredblocks_core.o(.constdata__ZTVN9redBlocks13Serialization15MessageProtocol16TMessageProtocolINS_4Core8TIReaderIjEENS3_8TIWriterIjEENS0_10Serializer16BinarySerializer16FieldShallowCopyItNS3_23NetworkConversionTraitsEEEE17TMessageProcessorINS_10Simulators21TargetMessageProtocol18MsgInitPreStartAckEEE)
 <LI><a href="#[42]">redBlocks::Serialization::MessageProtocol::TMessageProtocol&lang;redBlocks::Core::TIReader&lang;unsigned&rang;, redBlocks::Core::TIWriter&lang;unsigned&rang;, redBlocks::Serialization::Serializer::BinarySerializer::FieldShallowCopy&lang;unsigned short, redBlocks::Core::NetworkConversionTraits&rang;&rang;::TMessageProcessor&lang;redBlocks::Simulators::TargetMessageProtocol::MsgInitPreStartAck&rang;::getMsgId()</a> from libredblocks_core.o(t._ZN9redBlocks13Serialization15MessageProtocol16TMessageProtocolINS_4Core8TIReaderIjEENS3_8TIWriterIjEENS0_10Serializer16BinarySerializer16FieldShallowCopyItNS3_23NetworkConversionTraitsEEEE17TMessageProcessorINS_10Simulators21TargetMessageProtocol18MsgInitPreStartAckEE8getMsgIdEv) referenced from libredblocks_core.o(.constdata__ZTVN9redBlocks10Simulators21TargetMessageProtocol17TMessageProcessorINS0_17TClientTargetLinkINS0_24TIClientTargetConnectionINS0_16SimulationClientEjEEE8InternalENS1_18MsgInitPreStartAckEEE)
 <LI><a href="#[42]">redBlocks::Serialization::MessageProtocol::TMessageProtocol&lang;redBlocks::Core::TIReader&lang;unsigned&rang;, redBlocks::Core::TIWriter&lang;unsigned&rang;, redBlocks::Serialization::Serializer::BinarySerializer::FieldShallowCopy&lang;unsigned short, redBlocks::Core::NetworkConversionTraits&rang;&rang;::TMessageProcessor&lang;redBlocks::Simulators::TargetMessageProtocol::MsgInitPreStartAck&rang;::getMsgId()</a> from libredblocks_core.o(t._ZN9redBlocks13Serialization15MessageProtocol16TMessageProtocolINS_4Core8TIReaderIjEENS3_8TIWriterIjEENS0_10Serializer16BinarySerializer16FieldShallowCopyItNS3_23NetworkConversionTraitsEEEE17TMessageProcessorINS_10Simulators21TargetMessageProtocol18MsgInitPreStartAckEE8getMsgIdEv) referenced from libredblocks_core.o(.constdata__ZTVN9redBlocks13Serialization15MessageProtocol16TMessageProtocolINS_4Core8TIReaderIjEENS3_8TIWriterIjEENS0_10Serializer16BinarySerializer16FieldShallowCopyItNS3_23NetworkConversionTraitsEEEE17TMessageProcessorINS_10Simulators21TargetMessageProtocol18MsgInitPreStartAckEEE)
 <LI><a href="#[44]">redBlocks::Serialization::MessageProtocol::TMessageProtocol&lang;redBlocks::Core::TIReader&lang;unsigned&rang;, redBlocks::Core::TIWriter&lang;unsigned&rang;, redBlocks::Serialization::Serializer::BinarySerializer::FieldShallowCopy&lang;unsigned short, redBlocks::Core::NetworkConversionTraits&rang;&rang;::TMessageProcessor&lang;redBlocks::Simulators::TargetMessageProtocol::MsgDigitalInputUpdate&rang;::deserialize(redBlocks::Core::TIReader&lang;unsigned&rang;&)</a> from libredblocks_core.o(t._ZN9redBlocks13Serialization15MessageProtocol16TMessageProtocolINS_4Core8TIReaderIjEENS3_8TIWriterIjEENS0_10Serializer16BinarySerializer16FieldShallowCopyItNS3_23NetworkConversionTraitsEEEE17TMessageProcessorINS_10Simulators21TargetMessageProtocol21MsgDigitalInputUpdateEE11deserializeERS5_) referenced from libredblocks_core.o(.constdata__ZTVN9redBlocks10Simulators21TargetMessageProtocol17TMessageProcessorINS0_28DigitalInputSimulationClientENS1_21MsgDigitalInputUpdateEEE)
 <LI><a href="#[44]">redBlocks::Serialization::MessageProtocol::TMessageProtocol&lang;redBlocks::Core::TIReader&lang;unsigned&rang;, redBlocks::Core::TIWriter&lang;unsigned&rang;, redBlocks::Serialization::Serializer::BinarySerializer::FieldShallowCopy&lang;unsigned short, redBlocks::Core::NetworkConversionTraits&rang;&rang;::TMessageProcessor&lang;redBlocks::Simulators::TargetMessageProtocol::MsgDigitalInputUpdate&rang;::deserialize(redBlocks::Core::TIReader&lang;unsigned&rang;&)</a> from libredblocks_core.o(t._ZN9redBlocks13Serialization15MessageProtocol16TMessageProtocolINS_4Core8TIReaderIjEENS3_8TIWriterIjEENS0_10Serializer16BinarySerializer16FieldShallowCopyItNS3_23NetworkConversionTraitsEEEE17TMessageProcessorINS_10Simulators21TargetMessageProtocol21MsgDigitalInputUpdateEE11deserializeERS5_) referenced from libredblocks_core.o(.constdata__ZTVN9redBlocks13Serialization15MessageProtocol16TMessageProtocolINS_4Core8TIReaderIjEENS3_8TIWriterIjEENS0_10Serializer16BinarySerializer16FieldShallowCopyItNS3_23NetworkConversionTraitsEEEE17TMessageProcessorINS_10Simulators21TargetMessageProtocol21MsgDigitalInputUpdateEEE)
 <LI><a href="#[45]">redBlocks::Serialization::MessageProtocol::TMessageProtocol&lang;redBlocks::Core::TIReader&lang;unsigned&rang;, redBlocks::Core::TIWriter&lang;unsigned&rang;, redBlocks::Serialization::Serializer::BinarySerializer::FieldShallowCopy&lang;unsigned short, redBlocks::Core::NetworkConversionTraits&rang;&rang;::TMessageProcessor&lang;redBlocks::Simulators::TargetMessageProtocol::MsgDigitalInputUpdate&rang;::getMsgId()</a> from libredblocks_core.o(t._ZN9redBlocks13Serialization15MessageProtocol16TMessageProtocolINS_4Core8TIReaderIjEENS3_8TIWriterIjEENS0_10Serializer16BinarySerializer16FieldShallowCopyItNS3_23NetworkConversionTraitsEEEE17TMessageProcessorINS_10Simulators21TargetMessageProtocol21MsgDigitalInputUpdateEE8getMsgIdEv) referenced from libredblocks_core.o(.constdata__ZTVN9redBlocks10Simulators21TargetMessageProtocol17TMessageProcessorINS0_28DigitalInputSimulationClientENS1_21MsgDigitalInputUpdateEEE)
 <LI><a href="#[45]">redBlocks::Serialization::MessageProtocol::TMessageProtocol&lang;redBlocks::Core::TIReader&lang;unsigned&rang;, redBlocks::Core::TIWriter&lang;unsigned&rang;, redBlocks::Serialization::Serializer::BinarySerializer::FieldShallowCopy&lang;unsigned short, redBlocks::Core::NetworkConversionTraits&rang;&rang;::TMessageProcessor&lang;redBlocks::Simulators::TargetMessageProtocol::MsgDigitalInputUpdate&rang;::getMsgId()</a> from libredblocks_core.o(t._ZN9redBlocks13Serialization15MessageProtocol16TMessageProtocolINS_4Core8TIReaderIjEENS3_8TIWriterIjEENS0_10Serializer16BinarySerializer16FieldShallowCopyItNS3_23NetworkConversionTraitsEEEE17TMessageProcessorINS_10Simulators21TargetMessageProtocol21MsgDigitalInputUpdateEE8getMsgIdEv) referenced from libredblocks_core.o(.constdata__ZTVN9redBlocks13Serialization15MessageProtocol16TMessageProtocolINS_4Core8TIReaderIjEENS3_8TIWriterIjEENS0_10Serializer16BinarySerializer16FieldShallowCopyItNS3_23NetworkConversionTraitsEEEE17TMessageProcessorINS_10Simulators21TargetMessageProtocol21MsgDigitalInputUpdateEEE)
 <LI><a href="#[3e]">redBlocks::Serialization::MessageProtocol::TMessageProtocol&lang;redBlocks::Core::TIReader&lang;unsigned&rang;, redBlocks::Core::TIWriter&lang;unsigned&rang;, redBlocks::Serialization::Serializer::BinarySerializer::FieldShallowCopy&lang;unsigned short, redBlocks::Core::NetworkConversionTraits&rang;&rang;::TMessageProcessor&lang;redBlocks::Simulators::TargetMessageProtocol::MsgRun&rang;::deserialize(redBlocks::Core::TIReader&lang;unsigned&rang;&)</a> from libredblocks_core.o(t._ZN9redBlocks13Serialization15MessageProtocol16TMessageProtocolINS_4Core8TIReaderIjEENS3_8TIWriterIjEENS0_10Serializer16BinarySerializer16FieldShallowCopyItNS3_23NetworkConversionTraitsEEEE17TMessageProcessorINS_10Simulators21TargetMessageProtocol6MsgRunEE11deserializeERS5_) referenced from libredblocks_core.o(.constdata__ZTVN9redBlocks10Simulators21TargetMessageProtocol17TMessageProcessorINS0_16SimulationClientENS1_6MsgRunEEE)
 <LI><a href="#[3e]">redBlocks::Serialization::MessageProtocol::TMessageProtocol&lang;redBlocks::Core::TIReader&lang;unsigned&rang;, redBlocks::Core::TIWriter&lang;unsigned&rang;, redBlocks::Serialization::Serializer::BinarySerializer::FieldShallowCopy&lang;unsigned short, redBlocks::Core::NetworkConversionTraits&rang;&rang;::TMessageProcessor&lang;redBlocks::Simulators::TargetMessageProtocol::MsgRun&rang;::deserialize(redBlocks::Core::TIReader&lang;unsigned&rang;&)</a> from libredblocks_core.o(t._ZN9redBlocks13Serialization15MessageProtocol16TMessageProtocolINS_4Core8TIReaderIjEENS3_8TIWriterIjEENS0_10Serializer16BinarySerializer16FieldShallowCopyItNS3_23NetworkConversionTraitsEEEE17TMessageProcessorINS_10Simulators21TargetMessageProtocol6MsgRunEE11deserializeERS5_) referenced from libredblocks_core.o(.constdata__ZTVN9redBlocks13Serialization15MessageProtocol16TMessageProtocolINS_4Core8TIReaderIjEENS3_8TIWriterIjEENS0_10Serializer16BinarySerializer16FieldShallowCopyItNS3_23NetworkConversionTraitsEEEE17TMessageProcessorINS_10Simulators21TargetMessageProtocol6MsgRunEEE)
 <LI><a href="#[3f]">redBlocks::Serialization::MessageProtocol::TMessageProtocol&lang;redBlocks::Core::TIReader&lang;unsigned&rang;, redBlocks::Core::TIWriter&lang;unsigned&rang;, redBlocks::Serialization::Serializer::BinarySerializer::FieldShallowCopy&lang;unsigned short, redBlocks::Core::NetworkConversionTraits&rang;&rang;::TMessageProcessor&lang;redBlocks::Simulators::TargetMessageProtocol::MsgRun&rang;::getMsgId()</a> from libredblocks_core.o(t._ZN9redBlocks13Serialization15MessageProtocol16TMessageProtocolINS_4Core8TIReaderIjEENS3_8TIWriterIjEENS0_10Serializer16BinarySerializer16FieldShallowCopyItNS3_23NetworkConversionTraitsEEEE17TMessageProcessorINS_10Simulators21TargetMessageProtocol6MsgRunEE8getMsgIdEv) referenced from libredblocks_core.o(.constdata__ZTVN9redBlocks10Simulators21TargetMessageProtocol17TMessageProcessorINS0_16SimulationClientENS1_6MsgRunEEE)
 <LI><a href="#[3f]">redBlocks::Serialization::MessageProtocol::TMessageProtocol&lang;redBlocks::Core::TIReader&lang;unsigned&rang;, redBlocks::Core::TIWriter&lang;unsigned&rang;, redBlocks::Serialization::Serializer::BinarySerializer::FieldShallowCopy&lang;unsigned short, redBlocks::Core::NetworkConversionTraits&rang;&rang;::TMessageProcessor&lang;redBlocks::Simulators::TargetMessageProtocol::MsgRun&rang;::getMsgId()</a> from libredblocks_core.o(t._ZN9redBlocks13Serialization15MessageProtocol16TMessageProtocolINS_4Core8TIReaderIjEENS3_8TIWriterIjEENS0_10Serializer16BinarySerializer16FieldShallowCopyItNS3_23NetworkConversionTraitsEEEE17TMessageProcessorINS_10Simulators21TargetMessageProtocol6MsgRunEE8getMsgIdEv) referenced from libredblocks_core.o(.constdata__ZTVN9redBlocks13Serialization15MessageProtocol16TMessageProtocolINS_4Core8TIReaderIjEENS3_8TIWriterIjEENS0_10Serializer16BinarySerializer16FieldShallowCopyItNS3_23NetworkConversionTraitsEEEE17TMessageProcessorINS_10Simulators21TargetMessageProtocol6MsgRunEEE)
 <LI><a href="#[67]">redBlocks::Serialization::MessageProtocol::TMessageProtocol&lang;redBlocks::Core::TIReader&lang;unsigned&rang;, redBlocks::Core::TIWriter&lang;unsigned&rang;, redBlocks::Serialization::Serializer::BinarySerializer::FieldShallowCopy&lang;unsigned short, redBlocks::Core::NetworkConversionTraits&rang;&rang;::TMessageIdDispatcher&lang;redBlocks::Core::TInstanceCallbackPolicy&lang;redBlocks::Simulators::TClientTargetLink&lang;redBlocks::Simulators::TIClientTargetConnection&lang;redBlocks::Simulators::SimulationClient, unsigned&rang;&rang;::Internal&rang;&rang;::dispatch(redBlocks::Core::TIReader&lang;unsigned&rang;&)</a> from libredblocks_core.o(t._ZN9redBlocks13Serialization15MessageProtocol16TMessageProtocolINS_4Core8TIReaderIjEENS3_8TIWriterIjEENS0_10Serializer16BinarySerializer16FieldShallowCopyItNS3_23NetworkConversionTraitsEEEE20TMessageIdDispatcherINS3_23TInstanceCallbackPolicyINS_10Simulators17TClientTargetLinkINSG_24TIClientTargetConnectionINSG_16SimulationClientEjEEE8InternalEEEE8dispatchERS5_) referenced from libredblocks_core.o(.constdata__ZTVN9redBlocks13Serialization15MessageProtocol16TMessageProtocolINS_4Core8TIReaderIjEENS3_8TIWriterIjEENS0_10Serializer16BinarySerializer16FieldShallowCopyItNS3_23NetworkConversionTraitsEEEE20TMessageIdDispatcherINS3_23TInstanceCallbackPolicyINS_10Simulators17TClientTargetLinkINSG_24TIClientTargetConnectionINSG_16SimulationClientEjEEE8InternalEEEEE)
 <LI><a href="#[3c]">redBlocks::Serialization::MessageProtocol::_internal::TMessageProcessorBase&lang;redBlocks::Serialization::MessageProtocol::TIMessageIdDispatchable&lang;redBlocks::Core::TIReader&lang;unsigned&rang;, unsigned short&rang;, unsigned short&rang;::canDispatch(unsigned short)</a> from libredblocks_core.o(t._ZN9redBlocks13Serialization15MessageProtocol9_internal21TMessageProcessorBaseINS1_23TIMessageIdDispatchableINS_4Core8TIReaderIjEEtEEtE11canDispatchEt) referenced from libredblocks_core.o(.constdata__ZTVN9redBlocks10Simulators21TargetMessageProtocol17TMessageProcessorINS0_16SimulationClientENS1_6MsgRunEEE)
 <LI><a href="#[3c]">redBlocks::Serialization::MessageProtocol::_internal::TMessageProcessorBase&lang;redBlocks::Serialization::MessageProtocol::TIMessageIdDispatchable&lang;redBlocks::Core::TIReader&lang;unsigned&rang;, unsigned short&rang;, unsigned short&rang;::canDispatch(unsigned short)</a> from libredblocks_core.o(t._ZN9redBlocks13Serialization15MessageProtocol9_internal21TMessageProcessorBaseINS1_23TIMessageIdDispatchableINS_4Core8TIReaderIjEEtEEtE11canDispatchEt) referenced from libredblocks_core.o(.constdata__ZTVN9redBlocks10Simulators21TargetMessageProtocol17TMessageProcessorINS0_17TClientTargetLinkINS0_24TIClientTargetConnectionINS0_16SimulationClientEjEEE8InternalENS1_18MsgInitPreStartAckEEE)
 <LI><a href="#[3c]">redBlocks::Serialization::MessageProtocol::_internal::TMessageProcessorBase&lang;redBlocks::Serialization::MessageProtocol::TIMessageIdDispatchable&lang;redBlocks::Core::TIReader&lang;unsigned&rang;, unsigned short&rang;, unsigned short&rang;::canDispatch(unsigned short)</a> from libredblocks_core.o(t._ZN9redBlocks13Serialization15MessageProtocol9_internal21TMessageProcessorBaseINS1_23TIMessageIdDispatchableINS_4Core8TIReaderIjEEtEEtE11canDispatchEt) referenced from libredblocks_core.o(.constdata__ZTVN9redBlocks10Simulators21TargetMessageProtocol17TMessageProcessorINS0_28DigitalInputSimulationClientENS1_21MsgDigitalInputUpdateEEE)
 <LI><a href="#[3c]">redBlocks::Serialization::MessageProtocol::_internal::TMessageProcessorBase&lang;redBlocks::Serialization::MessageProtocol::TIMessageIdDispatchable&lang;redBlocks::Core::TIReader&lang;unsigned&rang;, unsigned short&rang;, unsigned short&rang;::canDispatch(unsigned short)</a> from libredblocks_core.o(t._ZN9redBlocks13Serialization15MessageProtocol9_internal21TMessageProcessorBaseINS1_23TIMessageIdDispatchableINS_4Core8TIReaderIjEEtEEtE11canDispatchEt) referenced from libredblocks_core.o(.constdata__ZTVN9redBlocks13Serialization15MessageProtocol16TMessageProtocolINS_4Core8TIReaderIjEENS3_8TIWriterIjEENS0_10Serializer16BinarySerializer16FieldShallowCopyItNS3_23NetworkConversionTraitsEEEE17TMessageProcessorINS_10Simulators21TargetMessageProtocol18MsgInitPreStartAckEEE)
 <LI><a href="#[3c]">redBlocks::Serialization::MessageProtocol::_internal::TMessageProcessorBase&lang;redBlocks::Serialization::MessageProtocol::TIMessageIdDispatchable&lang;redBlocks::Core::TIReader&lang;unsigned&rang;, unsigned short&rang;, unsigned short&rang;::canDispatch(unsigned short)</a> from libredblocks_core.o(t._ZN9redBlocks13Serialization15MessageProtocol9_internal21TMessageProcessorBaseINS1_23TIMessageIdDispatchableINS_4Core8TIReaderIjEEtEEtE11canDispatchEt) referenced from libredblocks_core.o(.constdata__ZTVN9redBlocks13Serialization15MessageProtocol16TMessageProtocolINS_4Core8TIReaderIjEENS3_8TIWriterIjEENS0_10Serializer16BinarySerializer16FieldShallowCopyItNS3_23NetworkConversionTraitsEEEE17TMessageProcessorINS_10Simulators21TargetMessageProtocol21MsgDigitalInputUpdateEEE)
 <LI><a href="#[3c]">redBlocks::Serialization::MessageProtocol::_internal::TMessageProcessorBase&lang;redBlocks::Serialization::MessageProtocol::TIMessageIdDispatchable&lang;redBlocks::Core::TIReader&lang;unsigned&rang;, unsigned short&rang;, unsigned short&rang;::canDispatch(unsigned short)</a> from libredblocks_core.o(t._ZN9redBlocks13Serialization15MessageProtocol9_internal21TMessageProcessorBaseINS1_23TIMessageIdDispatchableINS_4Core8TIReaderIjEEtEEtE11canDispatchEt) referenced from libredblocks_core.o(.constdata__ZTVN9redBlocks13Serialization15MessageProtocol16TMessageProtocolINS_4Core8TIReaderIjEENS3_8TIWriterIjEENS0_10Serializer16BinarySerializer16FieldShallowCopyItNS3_23NetworkConversionTraitsEEEE17TMessageProcessorINS_10Simulators21TargetMessageProtocol6MsgRunEEE)
 <LI><a href="#[3c]">redBlocks::Serialization::MessageProtocol::_internal::TMessageProcessorBase&lang;redBlocks::Serialization::MessageProtocol::TIMessageIdDispatchable&lang;redBlocks::Core::TIReader&lang;unsigned&rang;, unsigned short&rang;, unsigned short&rang;::canDispatch(unsigned short)</a> from libredblocks_core.o(t._ZN9redBlocks13Serialization15MessageProtocol9_internal21TMessageProcessorBaseINS1_23TIMessageIdDispatchableINS_4Core8TIReaderIjEEtEEtE11canDispatchEt) referenced from libredblocks_core.o(.constdata__ZTVN9redBlocks13Serialization15MessageProtocol9_internal21TMessageProcessorBaseINS1_23TIMessageIdDispatchableINS_4Core8TIReaderIjEEtEEtEE)
 <LI><a href="#[3b]">redBlocks::Serialization::MessageProtocol::_internal::TMessageProcessorBase&lang;redBlocks::Serialization::MessageProtocol::TIMessageIdDispatchable&lang;redBlocks::Core::TIReader&lang;unsigned&rang;, unsigned short&rang;, unsigned short&rang;::dispatch(redBlocks::Core::TIReader&lang;unsigned&rang;&)</a> from libredblocks_core.o(t._ZN9redBlocks13Serialization15MessageProtocol9_internal21TMessageProcessorBaseINS1_23TIMessageIdDispatchableINS_4Core8TIReaderIjEEtEEtE8dispatchERS7_) referenced from libredblocks_core.o(.constdata__ZTVN9redBlocks10Simulators21TargetMessageProtocol17TMessageProcessorINS0_16SimulationClientENS1_6MsgRunEEE)
 <LI><a href="#[3b]">redBlocks::Serialization::MessageProtocol::_internal::TMessageProcessorBase&lang;redBlocks::Serialization::MessageProtocol::TIMessageIdDispatchable&lang;redBlocks::Core::TIReader&lang;unsigned&rang;, unsigned short&rang;, unsigned short&rang;::dispatch(redBlocks::Core::TIReader&lang;unsigned&rang;&)</a> from libredblocks_core.o(t._ZN9redBlocks13Serialization15MessageProtocol9_internal21TMessageProcessorBaseINS1_23TIMessageIdDispatchableINS_4Core8TIReaderIjEEtEEtE8dispatchERS7_) referenced from libredblocks_core.o(.constdata__ZTVN9redBlocks10Simulators21TargetMessageProtocol17TMessageProcessorINS0_17TClientTargetLinkINS0_24TIClientTargetConnectionINS0_16SimulationClientEjEEE8InternalENS1_18MsgInitPreStartAckEEE)
 <LI><a href="#[3b]">redBlocks::Serialization::MessageProtocol::_internal::TMessageProcessorBase&lang;redBlocks::Serialization::MessageProtocol::TIMessageIdDispatchable&lang;redBlocks::Core::TIReader&lang;unsigned&rang;, unsigned short&rang;, unsigned short&rang;::dispatch(redBlocks::Core::TIReader&lang;unsigned&rang;&)</a> from libredblocks_core.o(t._ZN9redBlocks13Serialization15MessageProtocol9_internal21TMessageProcessorBaseINS1_23TIMessageIdDispatchableINS_4Core8TIReaderIjEEtEEtE8dispatchERS7_) referenced from libredblocks_core.o(.constdata__ZTVN9redBlocks10Simulators21TargetMessageProtocol17TMessageProcessorINS0_28DigitalInputSimulationClientENS1_21MsgDigitalInputUpdateEEE)
 <LI><a href="#[3b]">redBlocks::Serialization::MessageProtocol::_internal::TMessageProcessorBase&lang;redBlocks::Serialization::MessageProtocol::TIMessageIdDispatchable&lang;redBlocks::Core::TIReader&lang;unsigned&rang;, unsigned short&rang;, unsigned short&rang;::dispatch(redBlocks::Core::TIReader&lang;unsigned&rang;&)</a> from libredblocks_core.o(t._ZN9redBlocks13Serialization15MessageProtocol9_internal21TMessageProcessorBaseINS1_23TIMessageIdDispatchableINS_4Core8TIReaderIjEEtEEtE8dispatchERS7_) referenced from libredblocks_core.o(.constdata__ZTVN9redBlocks13Serialization15MessageProtocol16TMessageProtocolINS_4Core8TIReaderIjEENS3_8TIWriterIjEENS0_10Serializer16BinarySerializer16FieldShallowCopyItNS3_23NetworkConversionTraitsEEEE17TMessageProcessorINS_10Simulators21TargetMessageProtocol18MsgInitPreStartAckEEE)
 <LI><a href="#[3b]">redBlocks::Serialization::MessageProtocol::_internal::TMessageProcessorBase&lang;redBlocks::Serialization::MessageProtocol::TIMessageIdDispatchable&lang;redBlocks::Core::TIReader&lang;unsigned&rang;, unsigned short&rang;, unsigned short&rang;::dispatch(redBlocks::Core::TIReader&lang;unsigned&rang;&)</a> from libredblocks_core.o(t._ZN9redBlocks13Serialization15MessageProtocol9_internal21TMessageProcessorBaseINS1_23TIMessageIdDispatchableINS_4Core8TIReaderIjEEtEEtE8dispatchERS7_) referenced from libredblocks_core.o(.constdata__ZTVN9redBlocks13Serialization15MessageProtocol16TMessageProtocolINS_4Core8TIReaderIjEENS3_8TIWriterIjEENS0_10Serializer16BinarySerializer16FieldShallowCopyItNS3_23NetworkConversionTraitsEEEE17TMessageProcessorINS_10Simulators21TargetMessageProtocol21MsgDigitalInputUpdateEEE)
 <LI><a href="#[3b]">redBlocks::Serialization::MessageProtocol::_internal::TMessageProcessorBase&lang;redBlocks::Serialization::MessageProtocol::TIMessageIdDispatchable&lang;redBlocks::Core::TIReader&lang;unsigned&rang;, unsigned short&rang;, unsigned short&rang;::dispatch(redBlocks::Core::TIReader&lang;unsigned&rang;&)</a> from libredblocks_core.o(t._ZN9redBlocks13Serialization15MessageProtocol9_internal21TMessageProcessorBaseINS1_23TIMessageIdDispatchableINS_4Core8TIReaderIjEEtEEtE8dispatchERS7_) referenced from libredblocks_core.o(.constdata__ZTVN9redBlocks13Serialization15MessageProtocol16TMessageProtocolINS_4Core8TIReaderIjEENS3_8TIWriterIjEENS0_10Serializer16BinarySerializer16FieldShallowCopyItNS3_23NetworkConversionTraitsEEEE17TMessageProcessorINS_10Simulators21TargetMessageProtocol6MsgRunEEE)
 <LI><a href="#[3b]">redBlocks::Serialization::MessageProtocol::_internal::TMessageProcessorBase&lang;redBlocks::Serialization::MessageProtocol::TIMessageIdDispatchable&lang;redBlocks::Core::TIReader&lang;unsigned&rang;, unsigned short&rang;, unsigned short&rang;::dispatch(redBlocks::Core::TIReader&lang;unsigned&rang;&)</a> from libredblocks_core.o(t._ZN9redBlocks13Serialization15MessageProtocol9_internal21TMessageProcessorBaseINS1_23TIMessageIdDispatchableINS_4Core8TIReaderIjEEtEEtE8dispatchERS7_) referenced from libredblocks_core.o(.constdata__ZTVN9redBlocks13Serialization15MessageProtocol9_internal21TMessageProcessorBaseINS1_23TIMessageIdDispatchableINS_4Core8TIReaderIjEEtEEtEE)
 <LI><a href="#[68]">redBlocks::Container::FlexEntriesQueue::TFlexEntriesQueue&lang;redBlocks::Container::FlexEntriesQueue::TIFlexEntriesQueue&lang;unsigned&rang;, redBlocks::Container::TRamRingBufferDynamicAlloc&lang;redBlocks::Core::NoVirtualPolicy, unsigned&rang;, redBlocks::Core::NoLockPolicy, (bool)1, redBlocks::Core::NoLockPolicy, redBlocks::Core::TInstanceCallbackPolicy&lang;redBlocks::Simulators::Protocol::TransportProtocol::TTransportProtocolBase&lang;redBlocks::Communication::Protocol::DatagramProtocol::TIDatagramProtocol&lang;unsigned&rang;, redBlocks::Core::TInstanceCallbackPolicy&lang;redBlocks::Simulators::UVisionClientTargetConnection::Internal&rang;, redBlocks::Core::NoCallbackPolicy, redBlocks::Core::NoLockPolicy, redBlocks::Core::NoLockPolicy, redBlocks::Core::NoLockPolicy, redBlocks::Core::NoLockPolicy, redBlocks::Core::TInstanceCallbackPolicy&lang;redBlocks::Simulators::UVisionClientTargetConnection::Internal&rang;, unsigned&rang;::InternalRecvNotifyCallback&rang;&rang;::WriteEntry::write(const void*, unsigned)</a> from libredblocks_sim_uvision.o(t._ZN9redBlocks9Container16FlexEntriesQueue17TFlexEntriesQueueINS1_18TIFlexEntriesQueueIjEENS0_26TRamRingBufferDynamicAllocINS_4Core15NoVirtualPolicyEjEENS6_12NoLockPolicyELb1ES9_NS6_23TInstanceCallbackPolicyINS_10Simulators8Protocol17TransportProtocol22TTransportProtocolBaseINS_13Communication8Protocol16DatagramProtocol18TIDatagramProtocolIjEENSA_INSB_29UVisionClientTargetConnection8InternalEEENS6_16NoCallbackPolicyES9_S9_S9_S9_SM_jE26InternalRecvNotifyCallbackEEEE10WriteEntry5writeEPKvj) referenced from libredblocks_sim_uvision.o(.constdata__ZTVN9redBlocks9Container16FlexEntriesQueue17TFlexEntriesQueueINS1_18TIFlexEntriesQueueIjEENS0_26TRamRingBufferDynamicAllocINS_4Core15NoVirtualPolicyEjEENS6_12NoLockPolicyELb1ES9_NS6_23TInstanceCallbackPolicyINS_10Simulators8Protocol17TransportProtocol22TTransportProtocolBaseINS_13Communication8Protocol16DatagramProtocol18TIDatagramProtocolIjEENSA_INSB_29UVisionClientTargetConnection8InternalEEENS6_16NoCallbackPolicyES9_S9_S9_S9_SM_jE26InternalRecvNotifyCallbackEEEE10WriteEntryE)
 <LI><a href="#[6a]">redBlocks::Container::FlexEntriesQueue::TFlexEntriesQueue&lang;redBlocks::Container::FlexEntriesQueue::TIFlexEntriesQueue&lang;unsigned&rang;, redBlocks::Container::TRamRingBufferDynamicAlloc&lang;redBlocks::Core::NoVirtualPolicy, unsigned&rang;, redBlocks::Core::NoLockPolicy, (bool)1, redBlocks::Core::NoLockPolicy, redBlocks::Core::TInstanceCallbackPolicy&lang;redBlocks::Simulators::Protocol::TransportProtocol::TTransportProtocolBase&lang;redBlocks::Communication::Protocol::DatagramProtocol::TIDatagramProtocol&lang;unsigned&rang;, redBlocks::Core::TInstanceCallbackPolicy&lang;redBlocks::Simulators::UVisionClientTargetConnection::Internal&rang;, redBlocks::Core::NoCallbackPolicy, redBlocks::Core::NoLockPolicy, redBlocks::Core::NoLockPolicy, redBlocks::Core::NoLockPolicy, redBlocks::Core::NoLockPolicy, redBlocks::Core::TInstanceCallbackPolicy&lang;redBlocks::Simulators::UVisionClientTargetConnection::Internal&rang;, unsigned&rang;::InternalRecvNotifyCallback&rang;&rang;::WriteEntry::cancel()</a> from libredblocks_sim_uvision.o(t._ZN9redBlocks9Container16FlexEntriesQueue17TFlexEntriesQueueINS1_18TIFlexEntriesQueueIjEENS0_26TRamRingBufferDynamicAllocINS_4Core15NoVirtualPolicyEjEENS6_12NoLockPolicyELb1ES9_NS6_23TInstanceCallbackPolicyINS_10Simulators8Protocol17TransportProtocol22TTransportProtocolBaseINS_13Communication8Protocol16DatagramProtocol18TIDatagramProtocolIjEENSA_INSB_29UVisionClientTargetConnection8InternalEEENS6_16NoCallbackPolicyES9_S9_S9_S9_SM_jE26InternalRecvNotifyCallbackEEEE10WriteEntry6cancelEv) referenced from libredblocks_sim_uvision.o(.constdata__ZTVN9redBlocks9Container16FlexEntriesQueue17TFlexEntriesQueueINS1_18TIFlexEntriesQueueIjEENS0_26TRamRingBufferDynamicAllocINS_4Core15NoVirtualPolicyEjEENS6_12NoLockPolicyELb1ES9_NS6_23TInstanceCallbackPolicyINS_10Simulators8Protocol17TransportProtocol22TTransportProtocolBaseINS_13Communication8Protocol16DatagramProtocol18TIDatagramProtocolIjEENSA_INSB_29UVisionClientTargetConnection8InternalEEENS6_16NoCallbackPolicyES9_S9_S9_S9_SM_jE26InternalRecvNotifyCallbackEEEE10WriteEntryE)
 <LI><a href="#[69]">redBlocks::Container::FlexEntriesQueue::TFlexEntriesQueue&lang;redBlocks::Container::FlexEntriesQueue::TIFlexEntriesQueue&lang;unsigned&rang;, redBlocks::Container::TRamRingBufferDynamicAlloc&lang;redBlocks::Core::NoVirtualPolicy, unsigned&rang;, redBlocks::Core::NoLockPolicy, (bool)1, redBlocks::Core::NoLockPolicy, redBlocks::Core::TInstanceCallbackPolicy&lang;redBlocks::Simulators::Protocol::TransportProtocol::TTransportProtocolBase&lang;redBlocks::Communication::Protocol::DatagramProtocol::TIDatagramProtocol&lang;unsigned&rang;, redBlocks::Core::TInstanceCallbackPolicy&lang;redBlocks::Simulators::UVisionClientTargetConnection::Internal&rang;, redBlocks::Core::NoCallbackPolicy, redBlocks::Core::NoLockPolicy, redBlocks::Core::NoLockPolicy, redBlocks::Core::NoLockPolicy, redBlocks::Core::NoLockPolicy, redBlocks::Core::TInstanceCallbackPolicy&lang;redBlocks::Simulators::UVisionClientTargetConnection::Internal&rang;, unsigned&rang;::InternalRecvNotifyCallback&rang;&rang;::WriteEntry::submit()</a> from libredblocks_sim_uvision.o(t._ZN9redBlocks9Container16FlexEntriesQueue17TFlexEntriesQueueINS1_18TIFlexEntriesQueueIjEENS0_26TRamRingBufferDynamicAllocINS_4Core15NoVirtualPolicyEjEENS6_12NoLockPolicyELb1ES9_NS6_23TInstanceCallbackPolicyINS_10Simulators8Protocol17TransportProtocol22TTransportProtocolBaseINS_13Communication8Protocol16DatagramProtocol18TIDatagramProtocolIjEENSA_INSB_29UVisionClientTargetConnection8InternalEEENS6_16NoCallbackPolicyES9_S9_S9_S9_SM_jE26InternalRecvNotifyCallbackEEEE10WriteEntry6submitEv) referenced from libredblocks_sim_uvision.o(.constdata__ZTVN9redBlocks9Container16FlexEntriesQueue17TFlexEntriesQueueINS1_18TIFlexEntriesQueueIjEENS0_26TRamRingBufferDynamicAllocINS_4Core15NoVirtualPolicyEjEENS6_12NoLockPolicyELb1ES9_NS6_23TInstanceCallbackPolicyINS_10Simulators8Protocol17TransportProtocol22TTransportProtocolBaseINS_13Communication8Protocol16DatagramProtocol18TIDatagramProtocolIjEENSA_INSB_29UVisionClientTargetConnection8InternalEEENS6_16NoCallbackPolicyES9_S9_S9_S9_SM_jE26InternalRecvNotifyCallbackEEEE10WriteEntryE)
 <LI><a href="#[6d]">redBlocks::Container::FlexEntriesQueue::TFlexEntriesQueue&lang;redBlocks::Container::FlexEntriesQueue::TIFlexEntriesQueue&lang;unsigned&rang;, redBlocks::Container::TRamRingBufferDynamicAlloc&lang;redBlocks::Core::NoVirtualPolicy, unsigned&rang;, redBlocks::Core::NoLockPolicy, (bool)1, redBlocks::Core::NoLockPolicy, redBlocks::Core::TInstanceCallbackPolicy&lang;redBlocks::Simulators::Protocol::TransportProtocol::TTransportProtocolBase&lang;redBlocks::Communication::Protocol::DatagramProtocol::TIDatagramProtocol&lang;unsigned&rang;, redBlocks::Core::TInstanceCallbackPolicy&lang;redBlocks::Simulators::UVisionClientTargetConnection::Internal&rang;, redBlocks::Core::NoCallbackPolicy, redBlocks::Core::NoLockPolicy, redBlocks::Core::NoLockPolicy, redBlocks::Core::NoLockPolicy, redBlocks::Core::NoLockPolicy, redBlocks::Core::TInstanceCallbackPolicy&lang;redBlocks::Simulators::UVisionClientTargetConnection::Internal&rang;, unsigned&rang;::InternalRecvNotifyCallback&rang;&rang;::createEntry()</a> from libredblocks_sim_uvision.o(t._ZN9redBlocks9Container16FlexEntriesQueue17TFlexEntriesQueueINS1_18TIFlexEntriesQueueIjEENS0_26TRamRingBufferDynamicAllocINS_4Core15NoVirtualPolicyEjEENS6_12NoLockPolicyELb1ES9_NS6_23TInstanceCallbackPolicyINS_10Simulators8Protocol17TransportProtocol22TTransportProtocolBaseINS_13Communication8Protocol16DatagramProtocol18TIDatagramProtocolIjEENSA_INSB_29UVisionClientTargetConnection8InternalEEENS6_16NoCallbackPolicyES9_S9_S9_S9_SM_jE26InternalRecvNotifyCallbackEEEE11createEntryEv) referenced from libredblocks_sim_uvision.o(.constdata__ZTVN9redBlocks9Container16FlexEntriesQueue17TFlexEntriesQueueINS1_18TIFlexEntriesQueueIjEENS0_26TRamRingBufferDynamicAllocINS_4Core15NoVirtualPolicyEjEENS6_12NoLockPolicyELb1ES9_NS6_23TInstanceCallbackPolicyINS_10Simulators8Protocol17TransportProtocol22TTransportProtocolBaseINS_13Communication8Protocol16DatagramProtocol18TIDatagramProtocolIjEENSA_INSB_29UVisionClientTargetConnection8InternalEEENS6_16NoCallbackPolicyES9_S9_S9_S9_SM_jE26InternalRecvNotifyCallbackEEEEE)
 <LI><a href="#[6d]">redBlocks::Container::FlexEntriesQueue::TFlexEntriesQueue&lang;redBlocks::Container::FlexEntriesQueue::TIFlexEntriesQueue&lang;unsigned&rang;, redBlocks::Container::TRamRingBufferDynamicAlloc&lang;redBlocks::Core::NoVirtualPolicy, unsigned&rang;, redBlocks::Core::NoLockPolicy, (bool)1, redBlocks::Core::NoLockPolicy, redBlocks::Core::TInstanceCallbackPolicy&lang;redBlocks::Simulators::Protocol::TransportProtocol::TTransportProtocolBase&lang;redBlocks::Communication::Protocol::DatagramProtocol::TIDatagramProtocol&lang;unsigned&rang;, redBlocks::Core::TInstanceCallbackPolicy&lang;redBlocks::Simulators::UVisionClientTargetConnection::Internal&rang;, redBlocks::Core::NoCallbackPolicy, redBlocks::Core::NoLockPolicy, redBlocks::Core::NoLockPolicy, redBlocks::Core::NoLockPolicy, redBlocks::Core::NoLockPolicy, redBlocks::Core::TInstanceCallbackPolicy&lang;redBlocks::Simulators::UVisionClientTargetConnection::Internal&rang;, unsigned&rang;::InternalRecvNotifyCallback&rang;&rang;::createEntry()</a> from libredblocks_sim_uvision.o(t._ZN9redBlocks9Container16FlexEntriesQueue17TFlexEntriesQueueINS1_18TIFlexEntriesQueueIjEENS0_26TRamRingBufferDynamicAllocINS_4Core15NoVirtualPolicyEjEENS6_12NoLockPolicyELb1ES9_NS6_23TInstanceCallbackPolicyINS_10Simulators8Protocol17TransportProtocol22TTransportProtocolBaseINS_13Communication8Protocol16DatagramProtocol18TIDatagramProtocolIjEENSA_INSB_29UVisionClientTargetConnection8InternalEEENS6_16NoCallbackPolicyES9_S9_S9_S9_SM_jE26InternalRecvNotifyCallbackEEEE11createEntryEv) referenced from libredblocks_sim_uvision.o(.constdata__ZTVN9redBlocks9Container16FlexEntriesQueue29TFlexEntriesQueueDynamicAllocINS1_18TIFlexEntriesQueueIjEENS_4Core12NoLockPolicyELb1ES6_NS5_23TInstanceCallbackPolicyINS_10Simulators8Protocol17TransportProtocol22TTransportProtocolBaseINS_13Communication8Protocol16DatagramProtocol18TIDatagramProtocolIjEENS7_INS8_29UVisionClientTargetConnection8InternalEEENS5_16NoCallbackPolicyES6_S6_S6_S6_SJ_jE26InternalRecvNotifyCallbackEEEjEE)
 <LI><a href="#[6e]">redBlocks::Container::FlexEntriesQueue::TFlexEntriesQueue&lang;redBlocks::Container::FlexEntriesQueue::TIFlexEntriesQueue&lang;unsigned&rang;, redBlocks::Container::TRamRingBufferDynamicAlloc&lang;redBlocks::Core::NoVirtualPolicy, unsigned&rang;, redBlocks::Core::NoLockPolicy, (bool)1, redBlocks::Core::NoLockPolicy, redBlocks::Core::TInstanceCallbackPolicy&lang;redBlocks::Simulators::Protocol::TransportProtocol::TTransportProtocolBase&lang;redBlocks::Communication::Protocol::DatagramProtocol::TIDatagramProtocol&lang;unsigned&rang;, redBlocks::Core::TInstanceCallbackPolicy&lang;redBlocks::Simulators::UVisionClientTargetConnection::Internal&rang;, redBlocks::Core::NoCallbackPolicy, redBlocks::Core::NoLockPolicy, redBlocks::Core::NoLockPolicy, redBlocks::Core::NoLockPolicy, redBlocks::Core::NoLockPolicy, redBlocks::Core::TInstanceCallbackPolicy&lang;redBlocks::Simulators::UVisionClientTargetConnection::Internal&rang;, unsigned&rang;::InternalRecvNotifyCallback&rang;&rang;::getEntry()</a> from libredblocks_sim_uvision.o(t._ZN9redBlocks9Container16FlexEntriesQueue17TFlexEntriesQueueINS1_18TIFlexEntriesQueueIjEENS0_26TRamRingBufferDynamicAllocINS_4Core15NoVirtualPolicyEjEENS6_12NoLockPolicyELb1ES9_NS6_23TInstanceCallbackPolicyINS_10Simulators8Protocol17TransportProtocol22TTransportProtocolBaseINS_13Communication8Protocol16DatagramProtocol18TIDatagramProtocolIjEENSA_INSB_29UVisionClientTargetConnection8InternalEEENS6_16NoCallbackPolicyES9_S9_S9_S9_SM_jE26InternalRecvNotifyCallbackEEEE8getEntryEv) referenced from libredblocks_sim_uvision.o(.constdata__ZTVN9redBlocks9Container16FlexEntriesQueue17TFlexEntriesQueueINS1_18TIFlexEntriesQueueIjEENS0_26TRamRingBufferDynamicAllocINS_4Core15NoVirtualPolicyEjEENS6_12NoLockPolicyELb1ES9_NS6_23TInstanceCallbackPolicyINS_10Simulators8Protocol17TransportProtocol22TTransportProtocolBaseINS_13Communication8Protocol16DatagramProtocol18TIDatagramProtocolIjEENSA_INSB_29UVisionClientTargetConnection8InternalEEENS6_16NoCallbackPolicyES9_S9_S9_S9_SM_jE26InternalRecvNotifyCallbackEEEEE)
 <LI><a href="#[6e]">redBlocks::Container::FlexEntriesQueue::TFlexEntriesQueue&lang;redBlocks::Container::FlexEntriesQueue::TIFlexEntriesQueue&lang;unsigned&rang;, redBlocks::Container::TRamRingBufferDynamicAlloc&lang;redBlocks::Core::NoVirtualPolicy, unsigned&rang;, redBlocks::Core::NoLockPolicy, (bool)1, redBlocks::Core::NoLockPolicy, redBlocks::Core::TInstanceCallbackPolicy&lang;redBlocks::Simulators::Protocol::TransportProtocol::TTransportProtocolBase&lang;redBlocks::Communication::Protocol::DatagramProtocol::TIDatagramProtocol&lang;unsigned&rang;, redBlocks::Core::TInstanceCallbackPolicy&lang;redBlocks::Simulators::UVisionClientTargetConnection::Internal&rang;, redBlocks::Core::NoCallbackPolicy, redBlocks::Core::NoLockPolicy, redBlocks::Core::NoLockPolicy, redBlocks::Core::NoLockPolicy, redBlocks::Core::NoLockPolicy, redBlocks::Core::TInstanceCallbackPolicy&lang;redBlocks::Simulators::UVisionClientTargetConnection::Internal&rang;, unsigned&rang;::InternalRecvNotifyCallback&rang;&rang;::getEntry()</a> from libredblocks_sim_uvision.o(t._ZN9redBlocks9Container16FlexEntriesQueue17TFlexEntriesQueueINS1_18TIFlexEntriesQueueIjEENS0_26TRamRingBufferDynamicAllocINS_4Core15NoVirtualPolicyEjEENS6_12NoLockPolicyELb1ES9_NS6_23TInstanceCallbackPolicyINS_10Simulators8Protocol17TransportProtocol22TTransportProtocolBaseINS_13Communication8Protocol16DatagramProtocol18TIDatagramProtocolIjEENSA_INSB_29UVisionClientTargetConnection8InternalEEENS6_16NoCallbackPolicyES9_S9_S9_S9_SM_jE26InternalRecvNotifyCallbackEEEE8getEntryEv) referenced from libredblocks_sim_uvision.o(.constdata__ZTVN9redBlocks9Container16FlexEntriesQueue29TFlexEntriesQueueDynamicAllocINS1_18TIFlexEntriesQueueIjEENS_4Core12NoLockPolicyELb1ES6_NS5_23TInstanceCallbackPolicyINS_10Simulators8Protocol17TransportProtocol22TTransportProtocolBaseINS_13Communication8Protocol16DatagramProtocol18TIDatagramProtocolIjEENS7_INS8_29UVisionClientTargetConnection8InternalEEENS5_16NoCallbackPolicyES6_S6_S6_S6_SJ_jE26InternalRecvNotifyCallbackEEEjEE)
 <LI><a href="#[6c]">redBlocks::Container::FlexEntriesQueue::TFlexEntriesQueue&lang;redBlocks::Container::FlexEntriesQueue::TIFlexEntriesQueue&lang;unsigned&rang;, redBlocks::Container::TRamRingBufferDynamicAlloc&lang;redBlocks::Core::NoVirtualPolicy, unsigned&rang;, redBlocks::Core::NoLockPolicy, (bool)1, redBlocks::Core::NoLockPolicy, redBlocks::Core::TInstanceCallbackPolicy&lang;redBlocks::Simulators::Protocol::TransportProtocol::TTransportProtocolBase&lang;redBlocks::Communication::Protocol::DatagramProtocol::TIDatagramProtocol&lang;unsigned&rang;, redBlocks::Core::TInstanceCallbackPolicy&lang;redBlocks::Simulators::UVisionClientTargetConnection::Internal&rang;, redBlocks::Core::NoCallbackPolicy, redBlocks::Core::NoLockPolicy, redBlocks::Core::NoLockPolicy, redBlocks::Core::NoLockPolicy, redBlocks::Core::NoLockPolicy, redBlocks::Core::TInstanceCallbackPolicy&lang;redBlocks::Simulators::UVisionClientTargetConnection::Internal&rang;, unsigned&rang;::InternalRecvNotifyCallback&rang;&rang;::ReadEntry::peek(void*, unsigned, bool)</a> from libredblocks_sim_uvision.o(t._ZN9redBlocks9Container16FlexEntriesQueue17TFlexEntriesQueueINS1_18TIFlexEntriesQueueIjEENS0_26TRamRingBufferDynamicAllocINS_4Core15NoVirtualPolicyEjEENS6_12NoLockPolicyELb1ES9_NS6_23TInstanceCallbackPolicyINS_10Simulators8Protocol17TransportProtocol22TTransportProtocolBaseINS_13Communication8Protocol16DatagramProtocol18TIDatagramProtocolIjEENSA_INSB_29UVisionClientTargetConnection8InternalEEENS6_16NoCallbackPolicyES9_S9_S9_S9_SM_jE26InternalRecvNotifyCallbackEEEE9ReadEntry4peekEPvjb) referenced from libredblocks_sim_uvision.o(.constdata__ZTVN9redBlocks9Container16FlexEntriesQueue17TFlexEntriesQueueINS1_18TIFlexEntriesQueueIjEENS0_26TRamRingBufferDynamicAllocINS_4Core15NoVirtualPolicyEjEENS6_12NoLockPolicyELb1ES9_NS6_23TInstanceCallbackPolicyINS_10Simulators8Protocol17TransportProtocol22TTransportProtocolBaseINS_13Communication8Protocol16DatagramProtocol18TIDatagramProtocolIjEENSA_INSB_29UVisionClientTargetConnection8InternalEEENS6_16NoCallbackPolicyES9_S9_S9_S9_SM_jE26InternalRecvNotifyCallbackEEEE9ReadEntryE)
 <LI><a href="#[6b]">redBlocks::Container::FlexEntriesQueue::TFlexEntriesQueue&lang;redBlocks::Container::FlexEntriesQueue::TIFlexEntriesQueue&lang;unsigned&rang;, redBlocks::Container::TRamRingBufferDynamicAlloc&lang;redBlocks::Core::NoVirtualPolicy, unsigned&rang;, redBlocks::Core::NoLockPolicy, (bool)1, redBlocks::Core::NoLockPolicy, redBlocks::Core::TInstanceCallbackPolicy&lang;redBlocks::Simulators::Protocol::TransportProtocol::TTransportProtocolBase&lang;redBlocks::Communication::Protocol::DatagramProtocol::TIDatagramProtocol&lang;unsigned&rang;, redBlocks::Core::TInstanceCallbackPolicy&lang;redBlocks::Simulators::UVisionClientTargetConnection::Internal&rang;, redBlocks::Core::NoCallbackPolicy, redBlocks::Core::NoLockPolicy, redBlocks::Core::NoLockPolicy, redBlocks::Core::NoLockPolicy, redBlocks::Core::NoLockPolicy, redBlocks::Core::TInstanceCallbackPolicy&lang;redBlocks::Simulators::UVisionClientTargetConnection::Internal&rang;, unsigned&rang;::InternalRecvNotifyCallback&rang;&rang;::ReadEntry::read(void*, unsigned)</a> from libredblocks_sim_uvision.o(t._ZN9redBlocks9Container16FlexEntriesQueue17TFlexEntriesQueueINS1_18TIFlexEntriesQueueIjEENS0_26TRamRingBufferDynamicAllocINS_4Core15NoVirtualPolicyEjEENS6_12NoLockPolicyELb1ES9_NS6_23TInstanceCallbackPolicyINS_10Simulators8Protocol17TransportProtocol22TTransportProtocolBaseINS_13Communication8Protocol16DatagramProtocol18TIDatagramProtocolIjEENSA_INSB_29UVisionClientTargetConnection8InternalEEENS6_16NoCallbackPolicyES9_S9_S9_S9_SM_jE26InternalRecvNotifyCallbackEEEE9ReadEntry4readEPvj) referenced from libredblocks_sim_uvision.o(.constdata__ZTVN9redBlocks9Container16FlexEntriesQueue17TFlexEntriesQueueINS1_18TIFlexEntriesQueueIjEENS0_26TRamRingBufferDynamicAllocINS_4Core15NoVirtualPolicyEjEENS6_12NoLockPolicyELb1ES9_NS6_23TInstanceCallbackPolicyINS_10Simulators8Protocol17TransportProtocol22TTransportProtocolBaseINS_13Communication8Protocol16DatagramProtocol18TIDatagramProtocolIjEENSA_INSB_29UVisionClientTargetConnection8InternalEEENS6_16NoCallbackPolicyES9_S9_S9_S9_SM_jE26InternalRecvNotifyCallbackEEEE9ReadEntryE)
 <LI><a href="#[6f]">redBlocks::Container::FlexEntriesQueue::TFlexEntriesQueue&lang;redBlocks::Container::FlexEntriesQueue::TIFlexEntriesQueue&lang;unsigned&rang;, redBlocks::Container::TRamRingBufferDynamicAlloc&lang;redBlocks::Core::NoVirtualPolicy, unsigned&rang;, redBlocks::Core::NoLockPolicy, (bool)1, redBlocks::Core::NoLockPolicy, redBlocks::Core::TInstanceCallbackPolicy&lang;redBlocks::Simulators::Protocol::TransportProtocol::TTransportProtocolBase&lang;redBlocks::Communication::Protocol::DatagramProtocol::TIDatagramProtocol&lang;unsigned&rang;, redBlocks::Core::TInstanceCallbackPolicy&lang;redBlocks::Simulators::UVisionClientTargetConnection::Internal&rang;, redBlocks::Core::NoCallbackPolicy, redBlocks::Core::NoLockPolicy, redBlocks::Core::NoLockPolicy, redBlocks::Core::NoLockPolicy, redBlocks::Core::NoLockPolicy, redBlocks::Core::TInstanceCallbackPolicy&lang;redBlocks::Simulators::UVisionClientTargetConnection::Internal&rang;, unsigned&rang;::InternalSendNotifyCallback&rang;&rang;::WriteEntry::write(const void*, unsigned)</a> from libredblocks_sim_uvision.o(t._ZN9redBlocks9Container16FlexEntriesQueue17TFlexEntriesQueueINS1_18TIFlexEntriesQueueIjEENS0_26TRamRingBufferDynamicAllocINS_4Core15NoVirtualPolicyEjEENS6_12NoLockPolicyELb1ES9_NS6_23TInstanceCallbackPolicyINS_10Simulators8Protocol17TransportProtocol22TTransportProtocolBaseINS_13Communication8Protocol16DatagramProtocol18TIDatagramProtocolIjEENSA_INSB_29UVisionClientTargetConnection8InternalEEENS6_16NoCallbackPolicyES9_S9_S9_S9_SM_jE26InternalSendNotifyCallbackEEEE10WriteEntry5writeEPKvj) referenced from libredblocks_sim_uvision.o(.constdata__ZTVN9redBlocks9Container16FlexEntriesQueue17TFlexEntriesQueueINS1_18TIFlexEntriesQueueIjEENS0_26TRamRingBufferDynamicAllocINS_4Core15NoVirtualPolicyEjEENS6_12NoLockPolicyELb1ES9_NS6_23TInstanceCallbackPolicyINS_10Simulators8Protocol17TransportProtocol22TTransportProtocolBaseINS_13Communication8Protocol16DatagramProtocol18TIDatagramProtocolIjEENSA_INSB_29UVisionClientTargetConnection8InternalEEENS6_16NoCallbackPolicyES9_S9_S9_S9_SM_jE26InternalSendNotifyCallbackEEEE10WriteEntryE)
 <LI><a href="#[71]">redBlocks::Container::FlexEntriesQueue::TFlexEntriesQueue&lang;redBlocks::Container::FlexEntriesQueue::TIFlexEntriesQueue&lang;unsigned&rang;, redBlocks::Container::TRamRingBufferDynamicAlloc&lang;redBlocks::Core::NoVirtualPolicy, unsigned&rang;, redBlocks::Core::NoLockPolicy, (bool)1, redBlocks::Core::NoLockPolicy, redBlocks::Core::TInstanceCallbackPolicy&lang;redBlocks::Simulators::Protocol::TransportProtocol::TTransportProtocolBase&lang;redBlocks::Communication::Protocol::DatagramProtocol::TIDatagramProtocol&lang;unsigned&rang;, redBlocks::Core::TInstanceCallbackPolicy&lang;redBlocks::Simulators::UVisionClientTargetConnection::Internal&rang;, redBlocks::Core::NoCallbackPolicy, redBlocks::Core::NoLockPolicy, redBlocks::Core::NoLockPolicy, redBlocks::Core::NoLockPolicy, redBlocks::Core::NoLockPolicy, redBlocks::Core::TInstanceCallbackPolicy&lang;redBlocks::Simulators::UVisionClientTargetConnection::Internal&rang;, unsigned&rang;::InternalSendNotifyCallback&rang;&rang;::WriteEntry::cancel()</a> from libredblocks_sim_uvision.o(t._ZN9redBlocks9Container16FlexEntriesQueue17TFlexEntriesQueueINS1_18TIFlexEntriesQueueIjEENS0_26TRamRingBufferDynamicAllocINS_4Core15NoVirtualPolicyEjEENS6_12NoLockPolicyELb1ES9_NS6_23TInstanceCallbackPolicyINS_10Simulators8Protocol17TransportProtocol22TTransportProtocolBaseINS_13Communication8Protocol16DatagramProtocol18TIDatagramProtocolIjEENSA_INSB_29UVisionClientTargetConnection8InternalEEENS6_16NoCallbackPolicyES9_S9_S9_S9_SM_jE26InternalSendNotifyCallbackEEEE10WriteEntry6cancelEv) referenced from libredblocks_sim_uvision.o(.constdata__ZTVN9redBlocks9Container16FlexEntriesQueue17TFlexEntriesQueueINS1_18TIFlexEntriesQueueIjEENS0_26TRamRingBufferDynamicAllocINS_4Core15NoVirtualPolicyEjEENS6_12NoLockPolicyELb1ES9_NS6_23TInstanceCallbackPolicyINS_10Simulators8Protocol17TransportProtocol22TTransportProtocolBaseINS_13Communication8Protocol16DatagramProtocol18TIDatagramProtocolIjEENSA_INSB_29UVisionClientTargetConnection8InternalEEENS6_16NoCallbackPolicyES9_S9_S9_S9_SM_jE26InternalSendNotifyCallbackEEEE10WriteEntryE)
 <LI><a href="#[70]">redBlocks::Container::FlexEntriesQueue::TFlexEntriesQueue&lang;redBlocks::Container::FlexEntriesQueue::TIFlexEntriesQueue&lang;unsigned&rang;, redBlocks::Container::TRamRingBufferDynamicAlloc&lang;redBlocks::Core::NoVirtualPolicy, unsigned&rang;, redBlocks::Core::NoLockPolicy, (bool)1, redBlocks::Core::NoLockPolicy, redBlocks::Core::TInstanceCallbackPolicy&lang;redBlocks::Simulators::Protocol::TransportProtocol::TTransportProtocolBase&lang;redBlocks::Communication::Protocol::DatagramProtocol::TIDatagramProtocol&lang;unsigned&rang;, redBlocks::Core::TInstanceCallbackPolicy&lang;redBlocks::Simulators::UVisionClientTargetConnection::Internal&rang;, redBlocks::Core::NoCallbackPolicy, redBlocks::Core::NoLockPolicy, redBlocks::Core::NoLockPolicy, redBlocks::Core::NoLockPolicy, redBlocks::Core::NoLockPolicy, redBlocks::Core::TInstanceCallbackPolicy&lang;redBlocks::Simulators::UVisionClientTargetConnection::Internal&rang;, unsigned&rang;::InternalSendNotifyCallback&rang;&rang;::WriteEntry::submit()</a> from libredblocks_sim_uvision.o(t._ZN9redBlocks9Container16FlexEntriesQueue17TFlexEntriesQueueINS1_18TIFlexEntriesQueueIjEENS0_26TRamRingBufferDynamicAllocINS_4Core15NoVirtualPolicyEjEENS6_12NoLockPolicyELb1ES9_NS6_23TInstanceCallbackPolicyINS_10Simulators8Protocol17TransportProtocol22TTransportProtocolBaseINS_13Communication8Protocol16DatagramProtocol18TIDatagramProtocolIjEENSA_INSB_29UVisionClientTargetConnection8InternalEEENS6_16NoCallbackPolicyES9_S9_S9_S9_SM_jE26InternalSendNotifyCallbackEEEE10WriteEntry6submitEv) referenced from libredblocks_sim_uvision.o(.constdata__ZTVN9redBlocks9Container16FlexEntriesQueue17TFlexEntriesQueueINS1_18TIFlexEntriesQueueIjEENS0_26TRamRingBufferDynamicAllocINS_4Core15NoVirtualPolicyEjEENS6_12NoLockPolicyELb1ES9_NS6_23TInstanceCallbackPolicyINS_10Simulators8Protocol17TransportProtocol22TTransportProtocolBaseINS_13Communication8Protocol16DatagramProtocol18TIDatagramProtocolIjEENSA_INSB_29UVisionClientTargetConnection8InternalEEENS6_16NoCallbackPolicyES9_S9_S9_S9_SM_jE26InternalSendNotifyCallbackEEEE10WriteEntryE)
 <LI><a href="#[75]">redBlocks::Container::FlexEntriesQueue::TFlexEntriesQueue&lang;redBlocks::Container::FlexEntriesQueue::TIFlexEntriesQueue&lang;unsigned&rang;, redBlocks::Container::TRamRingBufferDynamicAlloc&lang;redBlocks::Core::NoVirtualPolicy, unsigned&rang;, redBlocks::Core::NoLockPolicy, (bool)1, redBlocks::Core::NoLockPolicy, redBlocks::Core::TInstanceCallbackPolicy&lang;redBlocks::Simulators::Protocol::TransportProtocol::TTransportProtocolBase&lang;redBlocks::Communication::Protocol::DatagramProtocol::TIDatagramProtocol&lang;unsigned&rang;, redBlocks::Core::TInstanceCallbackPolicy&lang;redBlocks::Simulators::UVisionClientTargetConnection::Internal&rang;, redBlocks::Core::NoCallbackPolicy, redBlocks::Core::NoLockPolicy, redBlocks::Core::NoLockPolicy, redBlocks::Core::NoLockPolicy, redBlocks::Core::NoLockPolicy, redBlocks::Core::TInstanceCallbackPolicy&lang;redBlocks::Simulators::UVisionClientTargetConnection::Internal&rang;, unsigned&rang;::InternalSendNotifyCallback&rang;&rang;::createEntry()</a> from libredblocks_sim_uvision.o(t._ZN9redBlocks9Container16FlexEntriesQueue17TFlexEntriesQueueINS1_18TIFlexEntriesQueueIjEENS0_26TRamRingBufferDynamicAllocINS_4Core15NoVirtualPolicyEjEENS6_12NoLockPolicyELb1ES9_NS6_23TInstanceCallbackPolicyINS_10Simulators8Protocol17TransportProtocol22TTransportProtocolBaseINS_13Communication8Protocol16DatagramProtocol18TIDatagramProtocolIjEENSA_INSB_29UVisionClientTargetConnection8InternalEEENS6_16NoCallbackPolicyES9_S9_S9_S9_SM_jE26InternalSendNotifyCallbackEEEE11createEntryEv) referenced from libredblocks_sim_uvision.o(.constdata__ZTVN9redBlocks9Container16FlexEntriesQueue17TFlexEntriesQueueINS1_18TIFlexEntriesQueueIjEENS0_26TRamRingBufferDynamicAllocINS_4Core15NoVirtualPolicyEjEENS6_12NoLockPolicyELb1ES9_NS6_23TInstanceCallbackPolicyINS_10Simulators8Protocol17TransportProtocol22TTransportProtocolBaseINS_13Communication8Protocol16DatagramProtocol18TIDatagramProtocolIjEENSA_INSB_29UVisionClientTargetConnection8InternalEEENS6_16NoCallbackPolicyES9_S9
[...]
</UL>
<BR>[Called By]<UL><LI><a href="#[147]">&gt;&gt;</a>&nbsp;&nbsp;&nbsp;void redBlocks::Core::TInstanceCallbackPolicy&lang;redBlocks::Simulators::Protocol::TransportProtocol::TTransportProtocolBase&lang;redBlocks::Communication::Protocol::DatagramProtocol::TIDatagramProtocol&lang;unsigned&rang;, redBlocks::Core::TInstanceCallbackPolicy&lang;redBlocks::Simulators::UVisionClientTargetConnection::Internal&rang;, redBlocks::Core::NoCallbackPolicy, redBlocks::Core::NoLockPolicy, redBlocks::Core::NoLockPolicy, redBlocks::Core::NoLockPolicy, redBlocks::Core::NoLockPolicy, redBlocks::Core::TInstanceCallbackPolicy&lang;redBlocks::Simulators::UVisionClientTargetConnection::Internal&rang;, unsigned&rang;::InternalRecvNotifyCallback&rang;::invokeCallback&lang;redBlocks::Container::FlexEntriesQueue::Event&rang;(T1) const
</UL>

<P><STRONG><a name="[126]"></a>void redBlocks::Core::TInstanceCallbackPolicy&lang;redBlocks::Simulators::IClientTargetLinkErrorCallback&rang;::invokeCallback&lang;redBlocks::Simulators::IClientTargetLinkErrorCallback::Error&rang;(T1) const</STRONG> (Thumb, 14 bytes, Stack size 0 bytes, libredblocks_core.o(t._ZNK9redBlocks4Core23TInstanceCallbackPolicyINS_10Simulators30IClientTargetLinkErrorCallbackEE14invokeCallbackINS3_5ErrorEEEvT_))
<BR><BR>[Called By]<UL><LI><a href="#[11e]">&gt;&gt;</a>&nbsp;&nbsp;&nbsp;redBlocks::Simulators::TClientTargetLink&lang;redBlocks::Simulators::TIClientTargetConnection&lang;redBlocks::Simulators::SimulationClient, unsigned&rang;&rang;::Internal::reportError(redBlocks::Simulators::IClientTargetLinkErrorCallback::Error)
</UL>

<P><STRONG><a name="[125]"></a>void redBlocks::Core::TInstanceCallbackPolicy&lang;redBlocks::Simulators::IClientTargetLinkEventCallback&rang;::invokeCallback&lang;redBlocks::Simulators::IClientTargetLinkEventCallback::Event&rang;(T1) const</STRONG> (Thumb, 14 bytes, Stack size 0 bytes, libredblocks_core.o(t._ZNK9redBlocks4Core23TInstanceCallbackPolicyINS_10Simulators30IClientTargetLinkEventCallbackEE14invokeCallbackINS3_5EventEEEvT_))
<BR><BR>[Called By]<UL><LI><a href="#[123]">&gt;&gt;</a>&nbsp;&nbsp;&nbsp;redBlocks::Simulators::TClientTargetLink&lang;redBlocks::Simulators::TIClientTargetConnection&lang;redBlocks::Simulators::SimulationClient, unsigned&rang;&rang;::Internal::processMsg(redBlocks::Simulators::TargetMessageProtocol::MsgInitPreStartAck&)
</UL>

<P><STRONG><a name="[139]"></a>void redBlocks::Core::TInstanceCallbackPolicy&lang;redBlocks::Simulators::Protocol::TransportProtocol::TTransportProtocolBase&lang;redBlocks::Communication::Protocol::DatagramProtocol::TIDatagramProtocol&lang;unsigned&rang;, redBlocks::Core::TInstanceCallbackPolicy&lang;redBlocks::Simulators::UVisionClientTargetConnection::Internal&rang;, redBlocks::Core::NoCallbackPolicy, redBlocks::Core::NoLockPolicy, redBlocks::Core::NoLockPolicy, redBlocks::Core::NoLockPolicy, redBlocks::Core::NoLockPolicy, redBlocks::Core::TInstanceCallbackPolicy&lang;redBlocks::Simulators::UVisionClientTargetConnection::Internal&rang;, unsigned&rang;::InternalErrorCallback&rang;::invokeCallback&lang;redBlocks::Communication::Framing::ByteCount::Error&rang;(T1) const</STRONG> (Thumb, 14 bytes, Stack size 8 bytes, libredblocks_sim_uvision.o(t._ZNK9redBlocks4Core23TInstanceCallbackPolicyINS_10Simulators8Protocol17TransportProtocol22TTransportProtocolBaseINS_13Communication8Protocol16DatagramProtocol18TIDatagramProtocolIjEENS1_INS2_29UVisionClientTargetConnection8InternalEEENS0_16NoCallbackPolicyENS0_12NoLockPolicyESF_SF_SF_SD_jE21InternalErrorCallbackEE14invokeCallbackINS6_7Framing9ByteCount5ErrorEEEvT_))
<BR><BR>[Stack]<UL><LI>Max Depth = 32<LI>Call Chain = void redBlocks::Core::TInstanceCallbackPolicy&lang;redBlocks::Simulators::Protocol::TransportProtocol::TTransportProtocolBase&lang;redBlocks::Communication::Protocol::DatagramProtocol::TIDatagramProtocol&lang;unsigned&rang;, redBlocks::Core::TInstanceCallbackPolicy&lang;redBlocks::Simulators::UVisionClientTargetConnection::Internal&rang;, redBlocks::Core::NoCallbackPolicy, redBlocks::Core::NoLockPolicy, redBlocks::Core::NoLockPolicy, redBlocks::Core::NoLockPolicy, redBlocks::Core::NoLockPolicy, redBlocks::Core::TInstanceCallbackPolicy&lang;redBlocks::Simulators::UVisionClientTargetConnection::Internal&rang;, unsigned&rang;::InternalErrorCallback&rang;::invokeCallback&lang;redBlocks::Communication::Framing::ByteCount::Error&rang;(T1) const &rArr; redBlocks::Simulators::Protocol::TransportProtocol::TTransportProtocolBase&lang;redBlocks::Communication::Protocol::DatagramProtocol::TIDatagramProtocol&lang;unsigned&rang;, redBlocks::Core::TInstanceCallbackPolicy&lang;redBlocks::Simulators::UVisionClientTargetConnection::Internal&rang;, redBlocks::Core::NoCallbackPolicy, redBlocks::Core::NoLockPolicy, redBlocks::Core::NoLockPolicy, redBlocks::Core::NoLockPolicy, redBlocks::Core::NoLockPolicy, redBlocks::Core::TInstanceCallbackPolicy&lang;redBlocks::Simulators::UVisionClientTargetConnection::Internal&rang;, unsigned&rang;::InternalErrorCallback::onCallback(redBlocks::Communication::Framing::ByteCount::Error) &rArr; void redBlocks::Core::TInstanceCallbackPolicy&lang;redBlocks::Simulators::UVisionClientTargetConnection::Internal&rang;::invokeCallback&lang;redBlocks::Simulators::Protocol::TransportProtocol::Error&rang;(T1) const &rArr; redBlocks::Simulators::UVisionClientTargetConnection::Internal::onCallback(redBlocks::Simulators::Protocol::TransportProtocol::Error)
</UL>
<BR>[Calls]<UL><LI><a href="#[12f]">&gt;&gt;</a>&nbsp;&nbsp;&nbsp;redBlocks::Simulators::Protocol::TransportProtocol::TTransportProtocolBase&lang;redBlocks::Communication::Protocol::DatagramProtocol::TIDatagramProtocol&lang;unsigned&rang;, redBlocks::Core::TInstanceCallbackPolicy&lang;redBlocks::Simulators::UVisionClientTargetConnection::Internal&rang;, redBlocks::Core::NoCallbackPolicy, redBlocks::Core::NoLockPolicy, redBlocks::Core::NoLockPolicy, redBlocks::Core::NoLockPolicy, redBlocks::Core::NoLockPolicy, redBlocks::Core::TInstanceCallbackPolicy&lang;redBlocks::Simulators::UVisionClientTargetConnection::Internal&rang;, unsigned&rang;::InternalErrorCallback::onCallback(redBlocks::Communication::Framing::ByteCount::Error)
</UL>
<BR>[Called By]<UL><LI><a href="#[135]">&gt;&gt;</a>&nbsp;&nbsp;&nbsp;redBlocks::Communication::Framing::ByteCount::TByteCountUnframingProcessor&lang;redBlocks::Core::NoVirtualPolicy, redBlocks::Container::FlexEntriesQueue::TFlexEntriesQueueDynamicAlloc&lang;redBlocks::Container::FlexEntriesQueue::TIFlexEntriesQueue&lang;unsigned&rang;, redBlocks::Core::NoLockPolicy, (bool)1, redBlocks::Core::NoLockPolicy, redBlocks::Core::TInstanceCallbackPolicy&lang;redBlocks::Simulators::Protocol::TransportProtocol::TTransportProtocolBase&lang;redBlocks::Communication::Protocol::DatagramProtocol::TIDatagramProtocol&lang;unsigned&rang;, redBlocks::Core::TInstanceCallbackPolicy&lang;redBlocks::Simulators::UVisionClientTargetConnection::Internal&rang;, redBlocks::Core::NoCallbackPolicy, redBlocks::Core::NoLockPolicy, redBlocks::Core::NoLockPolicy, redBlocks::Core::NoLockPolicy, redBlocks::Core::NoLockPolicy, redBlocks::Core::TInstanceCallbackPolicy&lang;redBlocks::Simulators::UVisionClientTargetConnection::Internal&rang;, unsigned&rang;::InternalRecvNotifyCallback&rang;, unsigned&rang;, redBlocks::Core::TInstanceCallbackPolicy&lang;redBlocks::Simulators::Protocol::TransportProtocol::TTransportProtocolBase&lang;redBlocks::Communication::Protocol::DatagramProtocol::TIDatagramProtocol&lang;unsigned&rang;, redBlocks::Core::TInstanceCallbackPolicy&lang;redBlocks::Simulators::UVisionClientTargetConnection::Internal&rang;, redBlocks::Core::NoCallbackPolicy, redBlocks::Core::NoLockPolicy, redBlocks::Core::NoLockPolicy, redBlocks::Core::NoLockPolicy, redBlocks::Core::NoLockPolicy, redBlocks::Core::TInstanceCallbackPolicy&lang;redBlocks::Simulators::UVisionClientTargetConnection::Internal&rang;, unsigned&rang;::InternalErrorCallback&rang;, unsigned short, redBlocks::Checksum::TCrcTable8&lang;redBlocks::Core::NoVirtualPolicy&rang;, redBlocks::Core::NetworkConversionTraits&rang;::write(const void*, unsigned)
</UL>

<P><STRONG><a name="[147]"></a>void redBlocks::Core::TInstanceCallbackPolicy&lang;redBlocks::Simulators::Protocol::TransportProtocol::TTransportProtocolBase&lang;redBlocks::Communication::Protocol::DatagramProtocol::TIDatagramProtocol&lang;unsigned&rang;, redBlocks::Core::TInstanceCallbackPolicy&lang;redBlocks::Simulators::UVisionClientTargetConnection::Internal&rang;, redBlocks::Core::NoCallbackPolicy, redBlocks::Core::NoLockPolicy, redBlocks::Core::NoLockPolicy, redBlocks::Core::NoLockPolicy, redBlocks::Core::NoLockPolicy, redBlocks::Core::TInstanceCallbackPolicy&lang;redBlocks::Simulators::UVisionClientTargetConnection::Internal&rang;, unsigned&rang;::InternalRecvNotifyCallback&rang;::invokeCallback&lang;redBlocks::Container::FlexEntriesQueue::Event&rang;(T1) const</STRONG> (Thumb, 16 bytes, Stack size 8 bytes, libredblocks_sim_uvision.o(t._ZNK9redBlocks4Core23TInstanceCallbackPolicyINS_10Simulators8Protocol17TransportProtocol22TTransportProtocolBaseINS_13Communication8Protocol16DatagramProtocol18TIDatagramProtocolIjEENS1_INS2_29UVisionClientTargetConnection8InternalEEENS0_16NoCallbackPolicyENS0_12NoLockPolicyESF_SF_SF_SD_jE26InternalRecvNotifyCallbackEE14invokeCallbackINS_9Container16FlexEntriesQueue5EventEEEvT_))
<BR><BR>[Stack]<UL><LI>Max Depth = 16<LI>Call Chain = void redBlocks::Core::TInstanceCallbackPolicy&lang;redBlocks::Simulators::Protocol::TransportProtocol::TTransportProtocolBase&lang;redBlocks::Communication::Protocol::DatagramProtocol::TIDatagramProtocol&lang;unsigned&rang;, redBlocks::Core::TInstanceCallbackPolicy&lang;redBlocks::Simulators::UVisionClientTargetConnection::Internal&rang;, redBlocks::Core::NoCallbackPolicy, redBlocks::Core::NoLockPolicy, redBlocks::Core::NoLockPolicy, redBlocks::Core::NoLockPolicy, redBlocks::Core::NoLockPolicy, redBlocks::Core::TInstanceCallbackPolicy&lang;redBlocks::Simulators::UVisionClientTargetConnection::Internal&rang;, unsigned&rang;::InternalRecvNotifyCallback&rang;::invokeCallback&lang;redBlocks::Container::FlexEntriesQueue::Event&rang;(T1) const &rArr; void redBlocks::Core::TInstanceCallbackPolicy&lang;redBlocks::Simulators::UVisionClientTargetConnection::Internal&rang;::invokeCallback&lang;redBlocks::Simulators::Protocol::TransportProtocol::EventRecv&rang;(T1) const
</UL>
<BR>[Calls]<UL><LI><a href="#[154]">&gt;&gt;</a>&nbsp;&nbsp;&nbsp;void redBlocks::Core::TInstanceCallbackPolicy&lang;redBlocks::Simulators::UVisionClientTargetConnection::Internal&rang;::invokeCallback&lang;redBlocks::Simulators::Protocol::TransportProtocol::EventRecv&rang;(T1) const
</UL>
<BR>[Called By]<UL><LI><a href="#[69]">&gt;&gt;</a>&nbsp;&nbsp;&nbsp;redBlocks::Container::FlexEntriesQueue::TFlexEntriesQueue&lang;redBlocks::Container::FlexEntriesQueue::TIFlexEntriesQueue&lang;unsigned&rang;, redBlocks::Container::TRamRingBufferDynamicAlloc&lang;redBlocks::Core::NoVirtualPolicy, unsigned&rang;, redBlocks::Core::NoLockPolicy, (bool)1, redBlocks::Core::NoLockPolicy, redBlocks::Core::TInstanceCallbackPolicy&lang;redBlocks::Simulators::Protocol::TransportProtocol::TTransportProtocolBase&lang;redBlocks::Communication::Protocol::DatagramProtocol::TIDatagramProtocol&lang;unsigned&rang;, redBlocks::Core::TInstanceCallbackPolicy&lang;redBlocks::Simulators::UVisionClientTargetConnection::Internal&rang;, redBlocks::Core::NoCallbackPolicy, redBlocks::Core::NoLockPolicy, redBlocks::Core::NoLockPolicy, redBlocks::Core::NoLockPolicy, redBlocks::Core::NoLockPolicy, redBlocks::Core::TInstanceCallbackPolicy&lang;redBlocks::Simulators::UVisionClientTargetConnection::Internal&rang;, unsigned&rang;::InternalRecvNotifyCallback&rang;&rang;::WriteEntry::submit()
</UL>

<P><STRONG><a name="[142]"></a>redBlocks::Container::TRamRingBuffer&lang;redBlocks::Core::NoVirtualPolicy, unsigned&rang;::getNumStored() const</STRONG> (Thumb, 22 bytes, Stack size 0 bytes, libredblocks_sim_uvision.o(t._ZNK9redBlocks9Container14TRamRingBufferINS_4Core15NoVirtualPolicyEjE12getNumStoredEv))
<BR><BR>[Called By]<UL><LI><a href="#[146]">&gt;&gt;</a>&nbsp;&nbsp;&nbsp;redBlocks::Container::TRamRingBuffer&lang;redBlocks::Core::NoVirtualPolicy, unsigned&rang;::write(const void*, unsigned)
<LI><a href="#[145]">&gt;&gt;</a>&nbsp;&nbsp;&nbsp;redBlocks::Container::TRamRingBuffer&lang;redBlocks::Core::NoVirtualPolicy, unsigned&rang;::peek(void*, unsigned, bool)
<LI><a href="#[144]">&gt;&gt;</a>&nbsp;&nbsp;&nbsp;redBlocks::Container::TRamRingBuffer&lang;redBlocks::Core::NoVirtualPolicy, unsigned&rang;::moveWritePosBackward(unsigned)
<LI><a href="#[143]">&gt;&gt;</a>&nbsp;&nbsp;&nbsp;redBlocks::Container::TRamRingBuffer&lang;redBlocks::Core::NoVirtualPolicy, unsigned&rang;::moveWritePosForward(unsigned)
<LI><a href="#[141]">&gt;&gt;</a>&nbsp;&nbsp;&nbsp;redBlocks::Container::TRamRingBuffer&lang;redBlocks::Core::NoVirtualPolicy, unsigned&rang;::moveReadPosForward(unsigned)
</UL>

<P><STRONG><a name="[e8]"></a>redBlocks::Container::TRamRingBuffer&lang;redBlocks::Core::NoVirtualPolicy, unsigned short&rang;::getNumStored() const</STRONG> (Thumb, 24 bytes, Stack size 0 bytes, libredblocks_sim_uvision.o(t._ZNK9redBlocks9Container14TRamRingBufferINS_4Core15NoVirtualPolicyEtE12getNumStoredEv))
<BR><BR>[Called By]<UL><LI><a href="#[e7]">&gt;&gt;</a>&nbsp;&nbsp;&nbsp;redBlocks::Simulators::DebuggerComTargetQueue::tick()
<LI><a href="#[e4]">&gt;&gt;</a>&nbsp;&nbsp;&nbsp;redBlocks::Container::TRamRingBuffer&lang;redBlocks::Core::NoVirtualPolicy, unsigned short&rang;::moveWritePosForward(unsigned short)
<LI><a href="#[ea]">&gt;&gt;</a>&nbsp;&nbsp;&nbsp;redBlocks::Container::TRamRingBuffer&lang;redBlocks::Core::NoVirtualPolicy, unsigned short&rang;::moveReadPosForward(unsigned short)
</UL>
<P>
<H3>
Local Symbols
</H3>
<P><STRONG><a name="[28]"></a>onPushButtonChangedCbk</STRONG> (Thumb, 48 bytes, Stack size 8 bytes, application.o(i.onPushButtonChangedCbk))
<BR><BR>[Stack]<UL><LI>Max Depth = 112<LI>Call Chain = onPushButtonChangedCbk &rArr; Platform_Led_setValue &rArr; rb_sim_DigitalOutput_setValue &rArr; redBlocks::Simulators::DigitalOutputSimulationClient::getInstance() &rArr; redBlocks::Simulators::DigitalOutputSimulationClient::DigitalOutputSimulationClient() &rArr; operator new(unsigned) &rArr; malloc &rArr; __Heap_Full &rArr; __Heap_ProvideMemory &rArr; free
</UL>
<BR>[Calls]<UL><LI><a href="#[ac]">&gt;&gt;</a>&nbsp;&nbsp;&nbsp;Platform_PushButton_getValue
<LI><a href="#[a6]">&gt;&gt;</a>&nbsp;&nbsp;&nbsp;Platform_Led_setValue
</UL>
<BR>[Address Reference Count : 1]<UL><LI> application.o(i.Application_run)
</UL>
<P><STRONG><a name="[29]"></a>onSystemTick</STRONG> (Thumb, 58 bytes, Stack size 16 bytes, application.o(i.onSystemTick))
<BR><BR>[Stack]<UL><LI>Max Depth = 120<LI>Call Chain = onSystemTick &rArr; Platform_Led_setValue &rArr; rb_sim_DigitalOutput_setValue &rArr; redBlocks::Simulators::DigitalOutputSimulationClient::getInstance() &rArr; redBlocks::Simulators::DigitalOutputSimulationClient::DigitalOutputSimulationClient() &rArr; operator new(unsigned) &rArr; malloc &rArr; __Heap_Full &rArr; __Heap_ProvideMemory &rArr; free
</UL>
<BR>[Calls]<UL><LI><a href="#[a6]">&gt;&gt;</a>&nbsp;&nbsp;&nbsp;Platform_Led_setValue
<LI><a href="#[118]">&gt;&gt;</a>&nbsp;&nbsp;&nbsp;__aeabi_uidivmod
</UL>
<BR>[Address Reference Count : 1]<UL><LI> application.o(i.Application_run)
</UL>
<P><STRONG><a name="[2e]"></a>redBlocks::Serialization::Serializer::TCompositeSerializer&lang;redBlocks::Core::TIReader&lang;unsigned&rang;, redBlocks::Core::TIWriter&lang;unsigned&rang;&rang;::deserialize(redBlocks::Core::TIReader&lang;unsigned&rang;&, redBlocks::Serialization::Serializer::TCompositeSerializer&lang;redBlocks::Core::TIReader&lang;unsigned&rang;, redBlocks::Core::TIWriter&lang;unsigned&rang;&rang;::IComposite&)::Processor::process(const redBlocks::Serialization::Serializer::TCompositeSerializer&lang;redBlocks::Core::TIReader&lang;unsigned&rang;, redBlocks::Core::TIWriter&lang;unsigned&rang;&rang;::IField&)</STRONG> (Thumb, 12 bytes, Stack size 0 bytes, libredblocks_core.o(i._ZZN9redBlocks13Serialization10Serializer20TCompositeSerializerINS_4Core8TIReaderIjEENS3_8TIWriterIjEEE11deserializeERS5_RNS8_10ICompositeEEN9Processor7processERKNS8_6IFieldE))
<BR>[Address Reference Count : 1]<UL><LI> libredblocks_core.o(.constdata)
</UL>
<P><STRONG><a name="[2d]"></a>redBlocks::Serialization::Serializer::TCompositeSerializer&lang;redBlocks::Core::TIReader&lang;unsigned&rang;, redBlocks::Core::TIWriter&lang;unsigned&rang;&rang;::getSerializedSize(redBlocks::Serialization::Serializer::TCompositeSerializer&lang;redBlocks::Core::TIReader&lang;unsigned&rang;, redBlocks::Core::TIWriter&lang;unsigned&rang;&rang;::IComposite&)::Processor::process(const redBlocks::Serialization::Serializer::TCompositeSerializer&lang;redBlocks::Core::TIReader&lang;unsigned&rang;, redBlocks::Core::TIWriter&lang;unsigned&rang;&rang;::IField&)</STRONG> (Thumb, 22 bytes, Stack size 8 bytes, libredblocks_core.o(i._ZZN9redBlocks13Serialization10Serializer20TCompositeSerializerINS_4Core8TIReaderIjEENS3_8TIWriterIjEEE17getSerializedSizeERNS8_10ICompositeEEN9Processor7processERKNS8_6IFieldE))
<BR><BR>[Stack]<UL><LI>Max Depth = 8<LI>Call Chain = redBlocks::Serialization::Serializer::TCompositeSerializer&lang;redBlocks::Core::TIReader&lang;unsigned&rang;, redBlocks::Core::TIWriter&lang;unsigned&rang;&rang;::getSerializedSize(redBlocks::Serialization::Serializer::TCompositeSerializer&lang;redBlocks::Core::TIReader&lang;unsigned&rang;, redBlocks::Core::TIWriter&lang;unsigned&rang;&rang;::IComposite&)::Processor::process(const redBlocks::Serialization::Serializer::TCompositeSerializer&lang;redBlocks::Core::TIReader&lang;unsigned&rang;, redBlocks::Core::TIWriter&lang;unsigned&rang;&rang;::IField&)
</UL>
<BR>[Address Reference Count : 1]<UL><LI> libredblocks_core.o(.constdata)
</UL>
<P><STRONG><a name="[2c]"></a>redBlocks::Serialization::Serializer::TCompositeSerializer&lang;redBlocks::Core::TIReader&lang;unsigned&rang;, redBlocks::Core::TIWriter&lang;unsigned&rang;&rang;::serialize(redBlocks::Core::TIWriter&lang;unsigned&rang;&, redBlocks::Serialization::Serializer::TCompositeSerializer&lang;redBlocks::Core::TIReader&lang;unsigned&rang;, redBlocks::Core::TIWriter&lang;unsigned&rang;&rang;::IComposite&)::Processor::process(const redBlocks::Serialization::Serializer::TCompositeSerializer&lang;redBlocks::Core::TIReader&lang;unsigned&rang;, redBlocks::Core::TIWriter&lang;unsigned&rang;&rang;::IField&)</STRONG> (Thumb, 12 bytes, Stack size 0 bytes, libredblocks_core.o(i._ZZN9redBlocks13Serialization10Serializer20TCompositeSerializerINS_4Core8TIReaderIjEENS3_8TIWriterIjEEE9serializeERS7_RNS8_10ICompositeEEN9Processor7processERKNS8_6IFieldE))
<BR>[Address Reference Count : 1]<UL><LI> libredblocks_core.o(.constdata)
</UL>
<P><STRONG><a name="[27]"></a>[local to arm_exceptions_c]::__default_terminate_handler()</STRONG> (Thumb, 6 bytes, Stack size 8 bytes, arm_exceptions_globs.o(.text))
<BR><BR>[Stack]<UL><LI>Max Depth = 56 + Unknown Stack Size
<LI>Call Chain = [local to arm_exceptions_c]::__default_terminate_handler() &rArr; abort &rArr; __rt_SIGABRT &rArr; __rt_SIGABRT_inner &rArr; __default_signal_display &rArr; _ttywrch
</UL>
<BR>[Calls]<UL><LI><a href="#[9c]">&gt;&gt;</a>&nbsp;&nbsp;&nbsp;abort
</UL>
<BR>[Address Reference Count : 1]<UL><LI> arm_exceptions_globs.o(.text)
</UL><P>
<H3>
Undefined Global Symbols
</H3>
<P><STRONG><a name="[9f]"></a>_call_atexit_fns</STRONG> (ARM, 0 bytes, Stack size 0 bytes, UNDEFINED)
<BR><BR>[Called By]<UL><LI><a href="#[83]">&gt;&gt;</a>&nbsp;&nbsp;&nbsp;exit
</UL>
<HR></body></html>
