<html>
<body>
<pre>
<h1>µVision Build Log</h1>
<h2>Tool Versions:</h2>
IDE-Version: µVision V5.30.0.0
Copyright (C) 2020 ARM Ltd and ARM Germany GmbH. All rights reserved.
License Information: Dimitris Karanassos AUTH Flex license: MDK Professional 5.30 (Flex): 200 user(s) (mdk_pro) Operation stops: 28 Apr 2024
 
Tool Versions:
Toolchain:       MDK Professional 5.30 (Flex): 200 user(s)  Version: 5.30.0.0
Toolchain Path:  C:\Keil_v5\ARM\ARMCC\Bin
C Compiler:      Armcc.exe V5.06 update 6 (build 750)
Assembler:       Armasm.exe V5.06 update 6 (build 750)
Linker/Locator:  ArmLink.exe V5.06 update 6 (build 750)
Library Manager: ArmAr.exe V5.06 update 6 (build 750)
Hex Converter:   FromElf.exe V5.06 update 6 (build 750)
CPU DLL:         SARMCM3.DLL V5.30.0.0
Dialog DLL:      DARMCM1.DLL V1.19.3.0
Target DLL:      UL2CM3.DLL V1.163.3.0
Dialog DLL:      TARMCM1.DLL V1.14.2.0
 
<h2>Project:</h2>
D:\RBDK\Workspace\VendingMachine\project\sim\host\uVision\VendingMachine.uvprojx
Project File Date:  04/09/2021

<h2>Output:</h2>
*** Using Compiler 'V5.06 update 6 (build 750)', folder: 'C:\Keil_v5\ARM\ARMCC\Bin'
Rebuild target 'VendingMachine'
compiling AlarmManager.cpp...
compiling CashBox.cpp...
compiling ProductSlot.cpp...
compiling GlobalState.cpp...
compiling Application.cpp...
compiling MaintenanceMode.cpp...
compiling VendingMode.cpp...
..\..\..\..\src\Application\VendingMode.cpp(253): warning:  #1-D: last line of file ends without a newline
  }
..\..\..\..\src\Application\VendingMode.cpp: 1 warning, 0 errors
assembling startup_ARMCM0.s...
compiling Arial20.cpp...
compiling Images.cpp...
compiling redBlocksEnv.cpp...
compiling redBlocksLib.cpp...
compiling MaintenanceScreen.cpp...
compiling VendingScreen.cpp...
compiling system_ARMCM0.c...
compiling main.cpp...
linking...
Program Size: Code=28180 RO-data=5560 RW-data=220 ZI-data=10460  
".\obj\VendingMachine.axf" - 0 Error(s), 1 Warning(s).

<h2>Software Packages used:</h2>

Package Vendor: ARM
                http://www.keil.com/pack/ARM.CMSIS.5.7.0.pack
                ARM.CMSIS.5.7.0
                CMSIS (Cortex Microcontroller Software Interface Standard)
   * Component: CORE Version: 5.4.0
   * Component: Startup Version: 1.2.2

<h2>Collection of Component include folders:</h2>
  .\RTE\_VendingMachine
  C:\Users\Dimitrios\AppData\Local\Arm\Packs\ARM\CMSIS\5.7.0\CMSIS\Core\Include
  C:\Users\Dimitrios\AppData\Local\Arm\Packs\ARM\CMSIS\5.7.0\Device\ARM\ARMCM0\Include

<h2>Collection of Component Files used:</h2>

   * Component: ARM::CMSIS:CORE:5.4.0

   * Component: ARM::Device:Startup:1.2.2
      Source file:   Device\ARM\ARMCM0\Source\ARM\startup_ARMCM0.s
      Include file:  Device\ARM\ARMCM0\Include\ARMCM0.h
      Source file:   Device\ARM\ARMCM0\Source\system_ARMCM0.c
Build Time Elapsed:  00:00:04
</pre>
</body>
</html>
